libs//core_teensy/eeprom.c:184:13:flexram_wait	0	static
libs//core_teensy/eeprom.c:105:6:eeprom_initialize	24	static
libs//core_teensy/eeprom.c:142:9:eeprom_read_byte	8	static
libs//core_teensy/eeprom.c:150:10:eeprom_read_word	8	static
libs//core_teensy/eeprom.c:158:10:eeprom_read_dword	8	static
libs//core_teensy/eeprom.c:166:6:eeprom_read_block	16	static
libs//core_teensy/eeprom.c:179:5:eeprom_is_ready	0	static
libs//core_teensy/eeprom.c:191:6:eeprom_write_byte	16	static
libs//core_teensy/eeprom.c:207:6:eeprom_write_word	16	static
libs//core_teensy/eeprom.c:246:6:eeprom_write_dword	16	static
libs//core_teensy/eeprom.c:313:6:eeprom_write_block	24	static
