libs//core_teensy/HardwareSerial.h:294:17:virtual size_t HardwareSerial2::write(long unsigned int)	8	static
libs//core_teensy/HardwareSerial.h:295:17:virtual size_t HardwareSerial2::write(long int)	8	static
libs//core_teensy/HardwareSerial.h:296:17:virtual size_t HardwareSerial2::write(unsigned int)	8	static
libs//core_teensy/HardwareSerial.h:297:17:virtual size_t HardwareSerial2::write(int)	8	static
libs//core_teensy/HardwareSerial.h:303:17:virtual size_t HardwareSerial2::write9bit(uint32_t)	8	static
libs//core_teensy/HardwareSerial.h:293:17:virtual size_t HardwareSerial2::write(uint8_t)	8	static
libs//core_teensy/HardwareSerial.h:300:24:virtual size_t HardwareSerial2::write(const char*)	16	static
libs//core_teensy/HardwareSerial.h:298:17:virtual size_t HardwareSerial2::write(const uint8_t*, size_t)	8	static
libs//core_teensy/HardwareSerial.h:292:14:virtual int HardwareSerial2::availableForWrite()	8	static
libs//core_teensy/HardwareSerial.h:291:15:virtual void HardwareSerial2::clear()	8	static
libs//core_teensy/HardwareSerial.h:286:15:virtual bool HardwareSerial2::attachCts(uint8_t)	8	static
libs//core_teensy/HardwareSerial.h:285:15:virtual bool HardwareSerial2::attachRts(uint8_t)	8	static
libs//core_teensy/HardwareSerial.h:284:15:virtual void HardwareSerial2::setTX(uint8_t, bool)	8	static
libs//core_teensy/HardwareSerial.h:283:15:virtual void HardwareSerial2::setRX(uint8_t)	8	static
libs//core_teensy/HardwareSerial.h:282:15:virtual void HardwareSerial2::transmitterEnable(uint8_t)	8	static
libs//core_teensy/HardwareSerial.h:281:15:virtual void HardwareSerial2::end()	8	static
libs//core_teensy/HardwareSerial.h:277:15:virtual void HardwareSerial2::begin(uint32_t)	8	static
libs//core_teensy/HardwareSerial.h:278:15:virtual void HardwareSerial2::begin(uint32_t, uint32_t)	8	static
libs//core_teensy/HardwareSerial.h:290:15:virtual void HardwareSerial2::flush()	8	static
libs//core_teensy/HardwareSerial.h:288:14:virtual int HardwareSerial2::peek()	8	static
libs//core_teensy/HardwareSerial.h:289:14:virtual int HardwareSerial2::read()	8	static
libs//core_teensy/HardwareSerial.h:287:14:virtual int HardwareSerial2::available()	8	static
libs//core_teensy/HardwareSerial2.cpp:6:6:void serialEvent2()	0	static
libs//core_teensy/HardwareSerial2.cpp:6:22:cpp)	0	static
