libs//core_teensy/HardwareSerial.h:329:17:virtual size_t HardwareSerial3::write(long unsigned int)	8	static
libs//core_teensy/HardwareSerial.h:330:17:virtual size_t HardwareSerial3::write(long int)	8	static
libs//core_teensy/HardwareSerial.h:331:17:virtual size_t HardwareSerial3::write(unsigned int)	8	static
libs//core_teensy/HardwareSerial.h:332:17:virtual size_t HardwareSerial3::write(int)	8	static
libs//core_teensy/HardwareSerial.h:338:17:virtual size_t HardwareSerial3::write9bit(uint32_t)	8	static
libs//core_teensy/HardwareSerial.h:328:17:virtual size_t HardwareSerial3::write(uint8_t)	8	static
libs//core_teensy/HardwareSerial.h:335:24:virtual size_t HardwareSerial3::write(const char*)	16	static
libs//core_teensy/HardwareSerial.h:333:17:virtual size_t HardwareSerial3::write(const uint8_t*, size_t)	8	static
libs//core_teensy/HardwareSerial.h:327:14:virtual int HardwareSerial3::availableForWrite()	8	static
libs//core_teensy/HardwareSerial.h:326:15:virtual void HardwareSerial3::clear()	8	static
libs//core_teensy/HardwareSerial.h:321:15:virtual bool HardwareSerial3::attachCts(uint8_t)	8	static
libs//core_teensy/HardwareSerial.h:320:15:virtual bool HardwareSerial3::attachRts(uint8_t)	8	static
libs//core_teensy/HardwareSerial.h:319:15:virtual void HardwareSerial3::setTX(uint8_t, bool)	8	static
libs//core_teensy/HardwareSerial.h:318:15:virtual void HardwareSerial3::setRX(uint8_t)	8	static
libs//core_teensy/HardwareSerial.h:317:15:virtual void HardwareSerial3::transmitterEnable(uint8_t)	8	static
libs//core_teensy/HardwareSerial.h:316:15:virtual void HardwareSerial3::end()	8	static
libs//core_teensy/HardwareSerial.h:312:15:virtual void HardwareSerial3::begin(uint32_t)	8	static
libs//core_teensy/HardwareSerial.h:313:15:virtual void HardwareSerial3::begin(uint32_t, uint32_t)	8	static
libs//core_teensy/HardwareSerial.h:325:15:virtual void HardwareSerial3::flush()	8	static
libs//core_teensy/HardwareSerial.h:323:14:virtual int HardwareSerial3::peek()	8	static
libs//core_teensy/HardwareSerial.h:324:14:virtual int HardwareSerial3::read()	8	static
libs//core_teensy/HardwareSerial.h:322:14:virtual int HardwareSerial3::available()	8	static
libs//core_teensy/HardwareSerial3.cpp:6:6:void serialEvent3()	0	static
libs//core_teensy/HardwareSerial3.cpp:6:22:cpp)	0	static
