libs//core_teensy/mk20dx128.c:140:6:systick_default_isr	0	static
libs//core_teensy/mk20dx128.c:72:6:fault_isr	8	static
libs//core_teensy/mk20dx128.c:134:6:unused_isr	8	static
libs//core_teensy/mk20dx128.c:676:13:startup_default_early_hook	0	static
libs//core_teensy/mk20dx128.c:683:13:startup_default_late_hook	0	static
libs//core_teensy/mk20dx128.c:694:6:ResetHandler	8	static
libs//core_teensy/mk20dx128.c:1144:8:_sbrk	0	static
libs//core_teensy/mk20dx128.c:1152:5:_read	0	static
libs//core_teensy/mk20dx128.c:1158:5:_close	0	static
libs//core_teensy/mk20dx128.c:1166:5:_fstat	0	static
libs//core_teensy/mk20dx128.c:1173:5:_isatty	0	static
libs//core_teensy/mk20dx128.c:1179:5:_lseek	0	static
libs//core_teensy/mk20dx128.c:1185:6:_exit	0	static
libs//core_teensy/mk20dx128.c:1191:6:__cxa_pure_virtual	0	static
libs//core_teensy/mk20dx128.c:1197:5:__cxa_guard_acquire	0	static
libs//core_teensy/mk20dx128.c:1203:6:__cxa_guard_release	0	static
libs//core_teensy/mk20dx128.c:1208:5:nvic_execution_priority	0	static
