libs//core_teensy/pins_teensy.c:143:13:dummy_isr	0	static
libs//core_teensy/pins_teensy.c:294:1:port_E_isr	16	static
libs//core_teensy/pins_teensy.c:293:1:port_D_isr	16	static
libs//core_teensy/pins_teensy.c:292:1:port_C_isr	16	static
libs//core_teensy/pins_teensy.c:291:1:port_B_isr	16	static
libs//core_teensy/pins_teensy.c:290:1:port_A_isr	16	static
libs//core_teensy/pins_teensy.c:191:6:attachInterruptVector	0	static
libs//core_teensy/pins_teensy.c:248:6:detachInterrupt	0	static
libs//core_teensy/pins_teensy.c:340:15:rtc_get	0	static
libs//core_teensy/pins_teensy.c:345:6:rtc_set	0	static
libs//core_teensy/pins_teensy.c:356:6:rtc_compensate	0	static
libs//core_teensy/pins_teensy.c:902:6:analogWriteRes	0	static
libs//core_teensy/pins_teensy.c:913:6:analogWriteFrequency	32	static
libs//core_teensy/pins_teensy.c:1005:6:digitalWrite	0	static
libs//core_teensy/pins_teensy.c:1038:9:digitalRead	0	static
libs//core_teensy/pins_teensy.c:1050:6:pinMode	0	static
libs//core_teensy/pins_teensy.c:196:6:attachInterrupt	16	static
libs//core_teensy/pins_teensy.c:682:6:analogWrite	8	static
libs//core_teensy/pins_teensy.c:1097:6:shiftOut_lsbFirst	32	static
libs//core_teensy/pins_teensy.c:1107:6:shiftOut_msbFirst	32	static
libs//core_teensy/pins_teensy.c:1088:6:_shiftOut	8	static
libs//core_teensy/pins_teensy.c:1126:9:shiftIn_lsbFirst	32	static
libs//core_teensy/pins_teensy.c:1137:9:shiftIn_msbFirst	32	static
libs//core_teensy/pins_teensy.c:1117:9:_shiftIn	8	static
libs//core_teensy/pins_teensy.c:1155:10:micros	0	static
libs//core_teensy/pins_teensy.c:1177:6:delay	16	static
libs//core_teensy/pins_teensy.c:517:6:_init_Teensyduino_internal_	8	static
libs//core_teensy/pins_teensy.c:1227:10:pulseIn_high	16	static
libs//core_teensy/pins_teensy.c:1249:10:pulseIn_low	16	static
libs//core_teensy/pins_teensy.c:1272:10:pulseIn	8	static
