libs//core_teensy/serial2.c:112:6:serial2_begin	0	static
libs//core_teensy/serial2.c:164:6:serial2_format	0	static
libs//core_teensy/serial2.c:195:6:serial2_end	8	static
libs//core_teensy/serial2.c:227:6:serial2_set_transmit_pin	8	static
libs//core_teensy/serial2.c:238:6:serial2_set_tx	0	static
libs//core_teensy/serial2.c:272:6:serial2_set_rx	0	static
libs//core_teensy/serial2.c:298:5:serial2_set_rts	8	static
libs//core_teensy/serial2.c:325:5:serial2_set_cts	0	static
libs//core_teensy/serial2.c:346:6:serial2_putchar	24	static
libs//core_teensy/serial2.c:376:6:serial2_write	32	static
libs//core_teensy/serial2.c:419:6:serial2_flush	8	static
libs//core_teensy/serial2.c:424:5:serial2_write_buffer_free	0	static
libs//core_teensy/serial2.c:434:5:serial2_available	0	static
libs//core_teensy/serial2.c:444:5:serial2_getchar	0	static
libs//core_teensy/serial2.c:464:5:serial2_peek	0	static
libs//core_teensy/serial2.c:475:6:serial2_clear	0	static
libs//core_teensy/serial2.c:495:6:uart1_status_isr	12	static
