libs//core_teensy/serial1.c:111:6:serial_begin	0	static
libs//core_teensy/serial1.c:162:6:serial_format	0	static
libs//core_teensy/serial1.c:193:6:serial_end	8	static
libs//core_teensy/serial1.c:206:6:serial_set_transmit_pin	8	static
libs//core_teensy/serial1.c:217:6:serial_set_tx	0	static
libs//core_teensy/serial1.c:255:6:serial_set_rx	0	static
libs//core_teensy/serial1.c:287:5:serial_set_rts	8	static
libs//core_teensy/serial1.c:315:5:serial_set_cts	0	static
libs//core_teensy/serial1.c:334:6:serial_putchar	24	static
libs//core_teensy/serial1.c:598:13:serial_phex1	8	static
libs//core_teensy/serial1.c:364:6:serial_write	32	static
libs//core_teensy/serial1.c:407:6:serial_flush	8	static
libs//core_teensy/serial1.c:412:5:serial_write_buffer_free	0	static
libs//core_teensy/serial1.c:422:5:serial_available	0	static
libs//core_teensy/serial1.c:432:5:serial_getchar	4	static
libs//core_teensy/serial1.c:452:5:serial_peek	0	static
libs//core_teensy/serial1.c:463:6:serial_clear	0	static
libs//core_teensy/serial1.c:483:6:uart0_status_isr	8	static
libs//core_teensy/serial1.c:589:6:serial_print	16	static
libs//core_teensy/serial1.c:608:6:serial_phex	8	static
libs//core_teensy/serial1.c:614:6:serial_phex16	8	static
libs//core_teensy/serial1.c:620:6:serial_phex32	8	static
