libs//core_teensy/Stream.cpp:30:5:int Stream::timedRead()	24	static
libs//core_teensy/Stream.cpp:43:5:int Stream::timedPeek()	24	static
libs//core_teensy/Stream.cpp:57:5:int Stream::peekNextDigit()	8	static
libs//core_teensy/Stream.cpp:72:6:void Stream::setTimeout(long unsigned int)	0	static
libs//core_teensy/Stream.cpp:99:6:bool Stream::findUntil(const char*, size_t, const char*, size_t)	32	static
libs//core_teensy/Stream.cpp:85:6:bool Stream::find(const char*, size_t)	16	static
libs//core_teensy/Stream.cpp:91:7:bool Stream::findUntil(const char*, const char*)	32	static
libs//core_teensy/Stream.cpp:78:7:bool Stream::find(const char*)	8	static
libs//core_teensy/Stream.cpp:138:6:long int Stream::parseInt(char)	24	static
libs//core_teensy/Stream.cpp:131:6:long int Stream::parseInt()	8	static
libs//core_teensy/Stream.cpp:175:7:float Stream::parseFloat(char)	48	static
libs//core_teensy/Stream.cpp:168:7:float Stream::parseFloat()	8	static
libs//core_teensy/Stream.cpp:217:8:size_t Stream::readBytes(char*, size_t)	24	static
libs//core_teensy/Stream.cpp:237:8:size_t Stream::readBytesUntil(char, char*, size_t)	24	static
libs//core_teensy/Stream.cpp:256:8:String Stream::readString(size_t)	16	static
libs//core_teensy/Stream.cpp:272:8:String Stream::readStringUntil(char, size_t)	24	static
