libs//core_teensy/usb_dev.c:147:13:endpoint0_transmit	0	static
libs//core_teensy/usb_dev.c:654:15:usb_rx	0	static
libs//core_teensy/usb_dev.c:697:10:usb_tx_byte_count	0	static
libs//core_teensy/usb_dev.c:704:10:usb_tx_packet_count	0	static
libs//core_teensy/usb_dev.c:726:6:usb_rx_memory	16	static
libs//core_teensy/usb_dev.c:771:6:usb_tx	4	static
libs//core_teensy/usb_dev.c:813:6:usb_tx_isochronous	4	static
libs//core_teensy/usb_dev.c:837:6:_reboot_Teensyduino_	0	static
libs//core_teensy/usb_dev.c:845:6:usb_isr	56	static
libs//core_teensy/usb_dev.c:1091:6:usb_init	8	static
