libs//core_teensy/usb_serial.c:53:5:usb_serial_getchar	8	static
libs//core_teensy/usb_serial.c:75:5:usb_serial_peekchar	8	static
libs//core_teensy/usb_serial.c:87:5:usb_serial_available	0	static
libs//core_teensy/usb_serial.c:96:5:usb_serial_read	32	static
libs//core_teensy/usb_serial.c:128:6:usb_serial_flush_input	8	static
libs//core_teensy/usb_serial.c:190:5:usb_serial_write	40	static
libs//core_teensy/usb_serial.c:184:5:usb_serial_putchar	16	static
libs//core_teensy/usb_serial.c:238:5:usb_serial_write_buffer_free	8	static
libs//core_teensy/usb_serial.c:263:6:usb_serial_flush_output	8	static
libs//core_teensy/usb_serial.c:284:6:usb_serial_flush_callback	8	static
