drivers//mtLED.cpp:50:1:mtLED::mtLED()	24	static
drivers//mtLED.cpp:200:6:void mtLED::setLED(uint8_t, uint8_t, uint8_t)	4	static
drivers//mtLED.cpp:102:6:void mtLED::setEncoderColor(uint8_t, uint8_t, uint16_t, uint8_t)	32	static
drivers//mtLED.cpp:327:6:void mtLED::setPresetGridLED(uint8_t, uint8_t, uint8_t)	8	static
drivers//mtLED.cpp:332:6:void mtLED::checkFault()	32	static
drivers//mtLED.cpp:347:1:cpp)	8	static
drivers//mtLED.cpp:227:6:void mtLED::setLEDOnOffBytes(uint8_t*, uint8_t)	32	static
drivers//mtLED.cpp:249:6:void mtLED::selectBank(uint8_t)	24	static
drivers//mtLED.cpp:210:6:void mtLED::clear()	40	static
drivers//mtLED.cpp:257:6:void mtLED::writeRegister8(uint8_t, uint8_t, uint8_t)	40	static
drivers//mtLED.cpp:243:6:void mtLED::displayFrame(uint8_t)	8	static
drivers//mtLED.cpp:57:6:void mtLED::init(uint8_t)	56	static
drivers//mtLED.cpp:276:9:uint8_t mtLED::readRegister8(uint8_t, uint8_t)	32	static
drivers//mtLED.cpp:305:6:bool mtLED::checkAndRepairReg(uint8_t)	16	static
drivers//mtLED.cpp:316:6:void mtLED::checkAndRepair()	16	static
drivers//mtLED.cpp:160:6:void mtLED::update()	32	static
