libs//FastCRC/FastCRChw.cpp:71:1:FastCRC7::FastCRC7()	0	static
libs//FastCRC/FastCRChw.cpp:93:9:uint8_t FastCRC7::update(const uint8_t*, uint16_t)	4	static
libs//FastCRC/FastCRChw.cpp:129:9:uint8_t FastCRC7::generic(uint8_t, uint8_t, uint32_t, const uint8_t*, uint16_t)	16	static
libs//FastCRC/FastCRChw.cpp:81:9:uint8_t FastCRC7::crc7(const uint8_t*, uint16_t)	16	static
libs//FastCRC/FastCRChw.cpp:140:9:uint8_t FastCRC7::crc7_upd(const uint8_t*, uint16_t)	8	static
libs//FastCRC/FastCRChw.cpp:149:1:FastCRC8::FastCRC8()	0	static
libs//FastCRC/FastCRChw.cpp:184:9:uint8_t FastCRC8::update(const uint8_t*, uint16_t)	4	static
libs//FastCRC/FastCRChw.cpp:217:9:uint8_t FastCRC8::generic(uint8_t, uint8_t, uint32_t, const uint8_t*, uint16_t)	16	static
libs//FastCRC/FastCRChw.cpp:160:9:uint8_t FastCRC8::smbus(const uint8_t*, uint16_t)	16	static
libs//FastCRC/FastCRChw.cpp:172:9:uint8_t FastCRC8::maxim(const uint8_t*, uint16_t)	16	static
libs//FastCRC/FastCRChw.cpp:227:9:uint8_t FastCRC8::smbus_upd(const uint8_t*, uint16_t)	8	static
libs//FastCRC/FastCRChw.cpp:228:9:uint8_t FastCRC8::maxim_upd(const uint8_t*, uint16_t)	8	static
libs//FastCRC/FastCRChw.cpp:235:1:FastCRC16::FastCRC16()	0	static
libs//FastCRC/FastCRChw.cpp:318:10:uint16_t FastCRC16::update(const uint8_t*, uint16_t)	4	static
libs//FastCRC/FastCRChw.cpp:350:10:uint16_t FastCRC16::generic(uint16_t, uint16_t, uint32_t, const uint8_t*, uint16_t)	16	static
libs//FastCRC/FastCRChw.cpp:245:10:uint16_t FastCRC16::ccitt(const uint8_t*, uint16_t)	16	static
libs//FastCRC/FastCRChw.cpp:257:10:uint16_t FastCRC16::mcrf4xx(const uint8_t*, uint16_t)	16	static
libs//FastCRC/FastCRChw.cpp:269:10:uint16_t FastCRC16::modbus(const uint8_t*, uint16_t)	16	static
libs//FastCRC/FastCRChw.cpp:281:10:uint16_t FastCRC16::kermit(const uint8_t*, uint16_t)	16	static
libs//FastCRC/FastCRChw.cpp:294:10:uint16_t FastCRC16::xmodem(const uint8_t*, uint16_t)	16	static
libs//FastCRC/FastCRChw.cpp:306:10:uint16_t FastCRC16::x25(const uint8_t*, uint16_t)	16	static
libs//FastCRC/FastCRChw.cpp:361:10:uint16_t FastCRC16::ccitt_upd(const uint8_t*, uint16_t)	8	static
libs//FastCRC/FastCRChw.cpp:362:10:uint16_t FastCRC16::mcrf4xx_upd(const uint8_t*, uint16_t)	8	static
libs//FastCRC/FastCRChw.cpp:363:10:uint16_t FastCRC16::kermit_upd(const uint8_t*, uint16_t)	8	static
libs//FastCRC/FastCRChw.cpp:364:10:uint16_t FastCRC16::modbus_upd(const uint8_t*, uint16_t)	8	static
libs//FastCRC/FastCRChw.cpp:365:10:uint16_t FastCRC16::xmodem_upd(const uint8_t*, uint16_t)	8	static
libs//FastCRC/FastCRChw.cpp:366:10:uint16_t FastCRC16::x25_upd(const uint8_t*, uint16_t)	8	static
libs//FastCRC/FastCRChw.cpp:375:1:FastCRC32::FastCRC32()	0	static
libs//FastCRC/FastCRChw.cpp:410:10:uint32_t FastCRC32::update(const uint8_t*, uint16_t)	4	static
libs//FastCRC/FastCRChw.cpp:440:10:uint32_t FastCRC32::generic(uint32_t, uint32_t, uint32_t, const uint8_t*, uint16_t)	16	static
libs//FastCRC/FastCRChw.cpp:385:10:uint32_t FastCRC32::crc32(const uint8_t*, uint16_t)	16	static
libs//FastCRC/FastCRChw.cpp:397:10:uint32_t FastCRC32::cksum(const uint8_t*, uint16_t)	16	static
libs//FastCRC/FastCRChw.cpp:451:10:uint32_t FastCRC32::crc32_upd(const uint8_t*, uint16_t)	8	static
libs//FastCRC/FastCRChw.cpp:452:10:uint32_t FastCRC32::cksum_upd(const uint8_t*, uint16_t)	8	static
