Archive member included to satisfy reference by file (symbol)

/Applications/ARM/bin/../lib/gcc/arm-none-eabi/10.3.1/../../../../arm-none-eabi/lib/thumb/v7e-m/nofp/libstdc++.a(atexit_arm.o)
                              build/obj//libs//i2c_t3/i2c_t3.o (__aeabi_atexit)
/Applications/ARM/bin/../lib/gcc/arm-none-eabi/10.3.1/../../../../arm-none-eabi/lib/thumb/v7e-m/nofp/libstdc++.a(del_ops.o)
                              build/obj//libs//i2c_t3/i2c_t3.o (operator delete(void*, unsigned int))
/Applications/ARM/bin/../lib/gcc/arm-none-eabi/10.3.1/../../../../arm-none-eabi/lib/thumb/v7e-m/nofp/libm.a(lib_a-sf_copysign.o)
                              build/obj//libs//core_teensy/nonstd.o (copysignf)
/Applications/ARM/bin/../lib/gcc/arm-none-eabi/10.3.1/../../../../arm-none-eabi/lib/thumb/v7e-m/nofp/libm.a(lib_a-sf_isinf.o)
                              build/obj//libs//core_teensy/nonstd.o (isinff)
/Applications/ARM/bin/../lib/gcc/arm-none-eabi/10.3.1/../../../../arm-none-eabi/lib/thumb/v7e-m/nofp/libm.a(lib_a-sf_isnan.o)
                              build/obj//libs//core_teensy/nonstd.o (isnanf)
/Applications/ARM/bin/../lib/gcc/arm-none-eabi/10.3.1/../../../../arm-none-eabi/lib/thumb/v7e-m/nofp/libm.a(lib_a-wf_log10.o)
                              build/obj//libs//core_teensy/math_helper.o (log10f)
/Applications/ARM/bin/../lib/gcc/arm-none-eabi/10.3.1/../../../../arm-none-eabi/lib/thumb/v7e-m/nofp/libm.a(lib_a-ef_log10.o)
                              /Applications/ARM/bin/../lib/gcc/arm-none-eabi/10.3.1/../../../../arm-none-eabi/lib/thumb/v7e-m/nofp/libm.a(lib_a-wf_log10.o) (__ieee754_log10f)
/Applications/ARM/bin/../lib/gcc/arm-none-eabi/10.3.1/../../../../arm-none-eabi/lib/thumb/v7e-m/nofp/libm.a(lib_a-sf_nan.o)
                              /Applications/ARM/bin/../lib/gcc/arm-none-eabi/10.3.1/../../../../arm-none-eabi/lib/thumb/v7e-m/nofp/libm.a(lib_a-wf_log10.o) (nanf)
/Applications/ARM/bin/../lib/gcc/arm-none-eabi/10.3.1/../../../../arm-none-eabi/lib/thumb/v7e-m/nofp/libm.a(lib_a-ef_log.o)
                              /Applications/ARM/bin/../lib/gcc/arm-none-eabi/10.3.1/../../../../arm-none-eabi/lib/thumb/v7e-m/nofp/libm.a(lib_a-ef_log10.o) (__ieee754_logf)
/Applications/ARM/bin/../lib/gcc/arm-none-eabi/10.3.1/thumb/v7e-m/nofp/libgcc.a(_arm_muldf3.o)
                              build/obj//libs//core_teensy/Print.o (__aeabi_dmul)
/Applications/ARM/bin/../lib/gcc/arm-none-eabi/10.3.1/thumb/v7e-m/nofp/libgcc.a(_arm_mulsf3.o)
                              build/obj//libs//core_teensy/Tone.o (__aeabi_fmul)
/Applications/ARM/bin/../lib/gcc/arm-none-eabi/10.3.1/thumb/v7e-m/nofp/libgcc.a(_arm_addsubdf3.o)
                              build/obj//libs//core_teensy/Tone.o (__aeabi_dsub)
/Applications/ARM/bin/../lib/gcc/arm-none-eabi/10.3.1/thumb/v7e-m/nofp/libgcc.a(_arm_muldivdf3.o)
                              build/obj//drivers//presetDAC.o (__aeabi_ddiv)
/Applications/ARM/bin/../lib/gcc/arm-none-eabi/10.3.1/thumb/v7e-m/nofp/libgcc.a(_arm_cmpdf2.o)
                              build/obj//libs//core_teensy/Print.o (__aeabi_dcmplt)
/Applications/ARM/bin/../lib/gcc/arm-none-eabi/10.3.1/thumb/v7e-m/nofp/libgcc.a(_arm_unorddf2.o)
                              build/obj//libs//core_teensy/Print.o (__aeabi_dcmpun)
/Applications/ARM/bin/../lib/gcc/arm-none-eabi/10.3.1/thumb/v7e-m/nofp/libgcc.a(_arm_fixdfsi.o)
                              build/obj//drivers//presetDAC.o (__aeabi_d2iz)
/Applications/ARM/bin/../lib/gcc/arm-none-eabi/10.3.1/thumb/v7e-m/nofp/libgcc.a(_arm_fixunsdfsi.o)
                              build/obj//libs//core_teensy/Tone.o (__aeabi_d2uiz)
/Applications/ARM/bin/../lib/gcc/arm-none-eabi/10.3.1/thumb/v7e-m/nofp/libgcc.a(_arm_truncdfsf2.o)
                              build/obj//libs//core_teensy/WString.o (__aeabi_d2f)
/Applications/ARM/bin/../lib/gcc/arm-none-eabi/10.3.1/thumb/v7e-m/nofp/libgcc.a(_arm_addsubsf3.o)
                              build/obj//libs//core_teensy/pins_teensy.o (__aeabi_fsub)
/Applications/ARM/bin/../lib/gcc/arm-none-eabi/10.3.1/thumb/v7e-m/nofp/libgcc.a(_arm_muldivsf3.o)
                              build/obj//libs//core_teensy/Tone.o (__aeabi_fdiv)
/Applications/ARM/bin/../lib/gcc/arm-none-eabi/10.3.1/thumb/v7e-m/nofp/libgcc.a(_arm_cmpsf2.o)
                              build/obj//libs//core_teensy/Tone.o (__aeabi_fcmpeq)
/Applications/ARM/bin/../lib/gcc/arm-none-eabi/10.3.1/thumb/v7e-m/nofp/libgcc.a(_arm_unordsf2.o)
                              /Applications/ARM/bin/../lib/gcc/arm-none-eabi/10.3.1/../../../../arm-none-eabi/lib/thumb/v7e-m/nofp/libm.a(lib_a-wf_log10.o) (__aeabi_fcmpun)
/Applications/ARM/bin/../lib/gcc/arm-none-eabi/10.3.1/thumb/v7e-m/nofp/libgcc.a(_arm_fixsfsi.o)
                              build/obj//libs//core_teensy/math_helper.o (__aeabi_f2iz)
/Applications/ARM/bin/../lib/gcc/arm-none-eabi/10.3.1/thumb/v7e-m/nofp/libgcc.a(_arm_fixunssfsi.o)
                              build/obj//libs//core_teensy/pins_teensy.o (__aeabi_f2uiz)
[...]
Memory Configuration

Name             Origin             Length             Attributes
FLASH            0x0000000000000000 0x0000000000040000 xr
RAM              0x000000001fff8000 0x0000000000010000 xrw
*default*        0x0000000000000000 0xffffffffffffffff

Linker script and memory map

LOAD /Applications/ARM/bin/../lib/gcc/arm-none-eabi/10.3.1/thumb/v7e-m/nofp/crti.o
LOAD /Applications/ARM/bin/../lib/gcc/arm-none-eabi/10.3.1/thumb/v7e-m/nofp/crtbegin.o
LOAD /Applications/ARM/bin/../lib/gcc/arm-none-eabi/10.3.1/../../../../arm-none-eabi/lib/thumb/v7e-m/nofp/crt0.o
                0x0000000000000000                __rtc_localtime = 0x0
LOAD build/obj//libs//SodaqDataFlash/Sodaq_dataflash.o
LOAD build/obj//libs//FastCRC/FastCRCsw.o
LOAD build/obj//libs//FastCRC/FastCRChw.o
LOAD build/obj//libs//i2c_t3/i2c_t3.o
LOAD build/obj//libs//core_teensy/Tone.o
LOAD build/obj//libs//core_teensy/avr_emulation.o
LOAD build/obj//libs//core_teensy/IPAddress.o
LOAD build/obj//libs//core_teensy/WString.o
LOAD build/obj//libs//core_teensy/DMAChannel.o
LOAD build/obj//libs//core_teensy/Print.o
LOAD build/obj//libs//core_teensy/AudioStream.o
LOAD build/obj//libs//core_teensy/new.o
LOAD build/obj//libs//core_teensy/HardwareSerial6.o
LOAD build/obj//libs//core_teensy/HardwareSerial4.o
LOAD build/obj//libs//core_teensy/HardwareSerial5.o
LOAD build/obj//libs//core_teensy/Stream.o
LOAD build/obj//libs//core_teensy/HardwareSerial1.o
LOAD build/obj//libs//core_teensy/HardwareSerial2.o
LOAD build/obj//libs//core_teensy/HardwareSerial3.o
LOAD build/obj//libs//core_teensy/usb_flightsim.o
LOAD build/obj//libs//core_teensy/IntervalTimer.o
LOAD build/obj//libs//core_teensy/usb_audio.o
LOAD build/obj//libs//core_teensy/usb_inst.o
LOAD build/obj//libs//core_teensy/main.o
LOAD build/obj//libs//core_teensy/yield.o
LOAD build/obj//libs//core_teensy/WMath.o
LOAD build/obj//libs//SPI/SPI.o
LOAD build/obj//app//sampler.o
LOAD build/obj//app//samplerApp.o
LOAD build/obj//app//presetApp.o
LOAD build/obj//app//main.o
LOAD build/obj//drivers//presetDAC.o
LOAD build/obj//drivers//mtLED.o
LOAD build/obj//drivers//hc595.o
LOAD build/obj//drivers//presetSwitches.o
LOAD build/obj//drivers//presetEncoder.o
LOAD build/obj//drivers//max11300.o
LOAD build/obj//drivers//presetMultiplex.o
LOAD build/obj//drivers//presetButtons.o
LOAD build/obj//drivers//presetFlash.o
LOAD build/obj//libs//core_teensy/keylayouts.o
LOAD build/obj//libs//core_teensy/pins_teensy.o
LOAD build/obj//libs//core_teensy/serial2.o
LOAD build/obj//libs//core_teensy/usb_dev.o
LOAD build/obj//libs//core_teensy/serial6.o
LOAD build/obj//libs//core_teensy/math_helper.o
LOAD build/obj//libs//core_teensy/usb_joystick.o
LOAD build/obj//libs//core_teensy/usb_mouse.o
LOAD build/obj//libs//core_teensy/analog.o
LOAD build/obj//libs//core_teensy/ser_print.o
LOAD build/obj//libs//core_teensy/usb_seremu.o
LOAD build/obj//libs//core_teensy/nonstd.o
LOAD build/obj//libs//core_teensy/serial1.o
LOAD build/obj//libs//core_teensy/serial5.o
LOAD build/obj//libs//core_teensy/eeprom.o
LOAD build/obj//libs//core_teensy/usb_mem.o
LOAD build/obj//libs//core_teensy/serial6_lpuart.o
LOAD build/obj//libs//core_teensy/mk20dx128.o
LOAD build/obj//libs//core_teensy/serial4.o
LOAD build/obj//libs//core_teensy/usb_midi.o
LOAD build/obj//libs//core_teensy/usb_keyboard.o
LOAD build/obj//libs//core_teensy/usb_mtp.o
LOAD build/obj//libs//core_teensy/touch.o
LOAD build/obj//libs//core_teensy/usb_rawhid.o
LOAD build/obj//libs//core_teensy/usb_serial.o
LOAD build/obj//libs//core_teensy/usb_touch.o
LOAD build/obj//libs//core_teensy/serial3.o
LOAD build/obj//libs//core_teensy/usb_desc.o
LOAD build/obj//libs//core_teensy/memset.o
LOAD build/obj//libs//core_teensy/memcpy-armv7m.o
LOAD /Applications/ARM/bin/../lib/gcc/arm-none-eabi/10.3.1/../../../../arm-none-eabi/lib/thumb/v7e-m/nofp/libstdc++.a
LOAD /Applications/ARM/bin/../lib/gcc/arm-none-eabi/10.3.1/../../../../arm-none-eabi/lib/thumb/v7e-m/nofp/libm.a
START GROUP
LOAD /Applications/ARM/bin/../lib/gcc/arm-none-eabi/10.3.1/thumb/v7e-m/nofp/libgcc.a
LOAD /Applications/ARM/bin/../lib/gcc/arm-none-eabi/10.3.1/../../../../arm-none-eabi/lib/thumb/v7e-m/nofp/libc.a
END GROUP
LOAD /Applications/ARM/bin/../lib/gcc/arm-none-eabi/10.3.1/thumb/v7e-m/nofp/crtend.o
LOAD /Applications/ARM/bin/../lib/gcc/arm-none-eabi/10.3.1/thumb/v7e-m/nofp/crtn.o

.text           0x0000000000000000     0x7f8c
                0x0000000000000000                . = 0x0
 *(.vectors)
 .vectors       0x0000000000000000      0x1bc build/obj//libs//core_teensy/mk20dx128.o
                0x0000000000000000                _VectorsFlash
 *(.startup*)
 .startup       0x00000000000001bc      0x1b4 build/obj//libs//core_teensy/mk20dx128.o
                0x00000000000001bc                ResetHandler
                0x0000000000000400                . = 0x400
 *fill*         0x0000000000000370       0x90 ff
 *(.flashconfig*)
 .flashconfig   0x0000000000000400       0x10 build/obj//libs//core_teensy/mk20dx128.o
                0x0000000000000400                flashconfigbytes
 *(.text*)
 .text          0x0000000000000410       0x40 /Applications/ARM/bin/../lib/gcc/arm-none-eabi/10.3.1/thumb/v7e-m/nofp/crtbegin.o
 .text._ZN15Sodaq_Dataflash4initEhhhh
                0x0000000000000450      0x150 build/obj//libs//SodaqDataFlash/Sodaq_dataflash.o
                0x0000000000000450                Sodaq_Dataflash::init(unsigned char, unsigned char, unsigned char, unsigned char)
 .text._ZN15Sodaq_Dataflash8transmitEh
                0x00000000000005a0       0x20 build/obj//libs//SodaqDataFlash/Sodaq_dataflash.o
                0x00000000000005a0                Sodaq_Dataflash::transmit(unsigned char)
 .text._ZN15Sodaq_Dataflash10deactivateEv
                0x00000000000005c0       0x58 build/obj//libs//SodaqDataFlash/Sodaq_dataflash.o
                0x00000000000005c0                Sodaq_Dataflash::deactivate()
 .text._ZN15Sodaq_Dataflash8activateEv
                0x0000000000000618       0xb4 build/obj//libs//SodaqDataFlash/Sodaq_dataflash.o
                0x0000000000000618                Sodaq_Dataflash::activate()
 .text._ZN15Sodaq_Dataflash10readStatusEv
                0x00000000000006cc       0x24 build/obj//libs//SodaqDataFlash/Sodaq_dataflash.o
                0x00000000000006cc                Sodaq_Dataflash::readStatus()
 .text._ZN15Sodaq_Dataflash13waitTillReadyEv
                0x00000000000006f0       0x12 build/obj//libs//SodaqDataFlash/Sodaq_dataflash.o
                0x00000000000006f0                Sodaq_Dataflash::waitTillReady()
 .text._ZN15Sodaq_Dataflash11setPageAddrEj
                0x0000000000000702       0x24 build/obj//libs//SodaqDataFlash/Sodaq_dataflash.o
                0x0000000000000702                Sodaq_Dataflash::setPageAddr(unsigned int)
 .text._ZN15Sodaq_Dataflash14readPageToBuf1Et
                0x0000000000000726       0x28 build/obj//libs//SodaqDataFlash/Sodaq_dataflash.o
                0x0000000000000726                Sodaq_Dataflash::readPageToBuf1(unsigned short)
 .text._ZN15Sodaq_Dataflash19readStructfromFlashEtPht
                0x000000000000074e       0xca build/obj//libs//SodaqDataFlash/Sodaq_dataflash.o
                0x000000000000074e                Sodaq_Dataflash::readStructfromFlash(unsigned short, unsigned char*, unsigned short)
 .text._GLOBAL__sub_I_settingsSPI
                0x0000000000000818       0x10 build/obj//libs//SodaqDataFlash/Sodaq_dataflash.o
 .text._ZN6i2c_t39availableEv
                0x0000000000000828        0xe build/obj//libs//i2c_t3/i2c_t3.o
                0x0000000000000828                i2c_t3::available()
 .text._ZN6i2c_t35flushEv
                0x0000000000000836        0x2 build/obj//libs//i2c_t3/i2c_t3.o
                0x0000000000000836                i2c_t3::flush()
 .text._ZN6i2c_t35writeEh
                0x0000000000000838       0x26 build/obj//libs//i2c_t3/i2c_t3.o
                0x0000000000000838                i2c_t3::write(unsigned char)
 *fill*         0x000000000000085e        0x2 ff
 .text._ZN6i2c_t3D2Ev
                0x0000000000000860       0x34 build/obj//libs//i2c_t3/i2c_t3.o
                0x0000000000000860                i2c_t3::~i2c_t3()
                0x0000000000000860                i2c_t3::~i2c_t3()
 .text._ZN6i2c_t35writeEPKhj
                0x0000000000000894       0x4a build/obj//libs//i2c_t3/i2c_t3.o
                0x0000000000000894                i2c_t3::write(unsigned char const*, unsigned int)
 *fill*         0x00000000000008de        0x2 ff
 .text._ZN6i2c_t3C2Eh
                0x00000000000008e0       0x2c build/obj//libs//i2c_t3/i2c_t3.o
                0x00000000000008e0                i2c_t3::i2c_t3(unsigned char)
                0x00000000000008e0                i2c_t3::i2c_t3(unsigned char)
 .text._ZN6i2c_t39validPin_Ehhh
                0x000000000000090c       0x34 build/obj//libs//i2c_t3/i2c_t3.o
                0x000000000000090c                i2c_t3::validPin_(unsigned char, unsigned char, unsigned char)
 .text._ZN6i2c_t310setOpMode_EP9i2cStructh11i2c_op_mode
                0x0000000000000940      0x118 build/obj//libs//i2c_t3/i2c_t3.o
                0x0000000000000940                i2c_t3::setOpMode_(i2cStruct*, unsigned char, i2c_op_mode)
 .text._ZN6i2c_t38setRate_EP9i2cStructmm
                0x0000000000000a58       0xa8 build/obj//libs//i2c_t3/i2c_t3.o
                0x0000000000000a58                i2c_t3::setRate_(i2cStruct*, unsigned long, unsigned long)
 .text._ZN6i2c_t313pinConfigure_EP9i2cStructhhh10i2c_pulluph
                0x0000000000000b00      0x148 build/obj//libs//i2c_t3/i2c_t3.o
                0x0000000000000b00                i2c_t3::pinConfigure_(i2cStruct*, unsigned char, unsigned char, unsigned char, i2c_pullup, unsigned char)
 .text._ZN6i2c_t36begin_EP9i2cStructh8i2c_modehhhh10i2c_pullupm11i2c_op_mode
                0x0000000000000c48       0xd8 build/obj//libs//i2c_t3/i2c_t3.o
                0x0000000000000c48                i2c_t3::begin_(i2cStruct*, unsigned char, i2c_mode, unsigned char, unsigned char, unsigned char, unsigned char, i2c_pullup, unsigned long, i2c_op_mode)
 .text._ZN6i2c_t39resetBus_EP9i2cStructh
                0x0000000000000d20       0xb8 build/obj//libs//i2c_t3/i2c_t3.o
                0x0000000000000d20                i2c_t3::resetBus_(i2cStruct*, unsigned char)
 .text._ZN6i2c_t311acquireBus_EP9i2cStructhmRh
                0x0000000000000dd8      0x144 build/obj//libs//i2c_t3/i2c_t3.o
                0x0000000000000dd8                i2c_t3::acquireBus_(i2cStruct*, unsigned char, unsigned long, unsigned char&)
 .text._ZN6i2c_t317beginTransmissionEh
                0x0000000000000f1c       0x1c build/obj//libs//i2c_t3/i2c_t3.o
                0x0000000000000f1c                i2c_t3::beginTransmission(unsigned char)
 .text._ZN6i2c_t317sendTransmission_EP9i2cStructh8i2c_stopm
                0x0000000000000f38      0x250 build/obj//libs//i2c_t3/i2c_t3.o
                0x0000000000000f38                i2c_t3::sendTransmission_(i2cStruct*, unsigned char, i2c_stop, unsigned long)
 .text._ZN6i2c_t312sendRequest_EP9i2cStructhhj8i2c_stopm
                0x0000000000001188      0x40a build/obj//libs//i2c_t3/i2c_t3.o
                0x0000000000001188                i2c_t3::sendRequest_(i2cStruct*, unsigned char, unsigned char, unsigned int, i2c_stop, unsigned long)
 .text._ZN6i2c_t38getErrorEv
                0x0000000000001592       0x30 build/obj//libs//i2c_t3/i2c_t3.o
                0x0000000000001592                i2c_t3::getError()
 .text._ZN6i2c_t35done_EP9i2cStruct
                0x00000000000015c2       0x10 build/obj//libs//i2c_t3/i2c_t3.o
                0x00000000000015c2                i2c_t3::done_(i2cStruct*)
 .text._ZN6i2c_t37finish_EP9i2cStructhm
                0x00000000000015d2       0x7e build/obj//libs//i2c_t3/i2c_t3.o
                0x00000000000015d2                i2c_t3::finish_(i2cStruct*, unsigned char, unsigned long)
 .text._ZN6i2c_t315endTransmissionEP9i2cStructh8i2c_stopm
                0x0000000000001650       0x28 build/obj//libs//i2c_t3/i2c_t3.o
                0x0000000000001650                i2c_t3::endTransmission(i2cStruct*, unsigned char, i2c_stop, unsigned long)
 .text._ZN6i2c_t312requestFrom_EP9i2cStructhhj8i2c_stopm
                0x0000000000001678       0x38 build/obj//libs//i2c_t3/i2c_t3.o
                0x0000000000001678                i2c_t3::requestFrom_(i2cStruct*, unsigned char, unsigned char, unsigned int, i2c_stop, unsigned long)
 .text._ZN6i2c_t35read_EP9i2cStruct
                0x00000000000016b0       0x24 build/obj//libs//i2c_t3/i2c_t3.o
                0x00000000000016b0                i2c_t3::read_(i2cStruct*)
 .text._ZN6i2c_t34readEv
                0x00000000000016d4        0xa build/obj//libs//i2c_t3/i2c_t3.o
                0x00000000000016d4                i2c_t3::read()
 .text._ZN6i2c_t35peek_EP9i2cStruct
                0x00000000000016de       0x1c build/obj//libs//i2c_t3/i2c_t3.o
                0x00000000000016de                i2c_t3::peek_(i2cStruct*)
 .text._ZN6i2c_t34peekEv
                0x00000000000016fa        0xa build/obj//libs//i2c_t3/i2c_t3.o
                0x00000000000016fa                i2c_t3::peek()
 .text.i2c_isr_handler
                0x0000000000001704      0x714 build/obj//libs//i2c_t3/i2c_t3.o
                0x0000000000001704                i2c_isr_handler
 .text.i2c0_isr
                0x0000000000001e18       0x10 build/obj//libs//i2c_t3/i2c_t3.o
                0x0000000000001e18                i2c0_isr
 .text._ZN6i2c_t322sda_rising_isr_handlerEP9i2cStructh
                0x0000000000001e28       0x54 build/obj//libs//i2c_t3/i2c_t3.o
                0x0000000000001e28                i2c_t3::sda_rising_isr_handler(i2cStruct*, unsigned char)
 .text._ZN6i2c_t315sda0_rising_isrEv
                0x0000000000001e7c       0x10 build/obj//libs//i2c_t3/i2c_t3.o
                0x0000000000001e7c                i2c_t3::sda0_rising_isr()
 .text._GLOBAL__sub_I__ZN6i2c_t37i2cDataE
                0x0000000000001e8c       0x24 build/obj//libs//i2c_t3/i2c_t3.o
 .text._ZN13IntervalTimerD2Ev
                0x0000000000001eb0        0xc build/obj//libs//core_teensy/Tone.o
                0x0000000000001eb0                IntervalTimer::~IntervalTimer()
                0x0000000000001eb0                IntervalTimer::~IntervalTimer()
 .text._GLOBAL__sub_I_tone_timer
                0x0000000000001ebc       0x24 build/obj//libs//core_teensy/Tone.o
 .text._ZN10DMAChannel5beginEb
                0x0000000000001ee0       0xac build/obj//libs//core_teensy/DMAChannel.o
                0x0000000000001ee0                DMAChannel::begin(bool)
 .text._ZN10DMAChannel7releaseEv
                0x0000000000001f8c       0x34 build/obj//libs//core_teensy/DMAChannel.o
                0x0000000000001f8c                DMAChannel::release()
 .text.software_isr
                0x0000000000001fc0       0x80 build/obj//libs//core_teensy/AudioStream.o
                0x0000000000001fc0                software_isr
 .text._Znwj    0x0000000000002040        0x8 build/obj//libs//core_teensy/new.o
                0x0000000000002040                operator new(unsigned int)
 .text._ZdlPv   0x0000000000002048        0x8 build/obj//libs//core_teensy/new.o
                0x0000000000002048                operator delete(void*)
 .text._ZN14HardwareSerial5writeEm
                0x0000000000002050        0xc build/obj//libs//core_teensy/HardwareSerial1.o
                0x0000000000002050                HardwareSerial::write(unsigned long)
 .text._ZN14HardwareSerial5writeEl
                0x000000000000205c        0xc build/obj//libs//core_teensy/HardwareSerial1.o
                0x000000000000205c                HardwareSerial::write(long)
 .text._ZN14HardwareSerial5writeEj
                0x0000000000002068        0xc build/obj//libs//core_teensy/HardwareSerial1.o
                0x0000000000002068                HardwareSerial::write(unsigned int)
 .text._ZN14HardwareSerial5writeEi
                0x0000000000002074        0xc build/obj//libs//core_teensy/HardwareSerial1.o
                0x0000000000002074                HardwareSerial::write(int)
 .text._ZN14HardwareSerial9write9bitEm
                0x0000000000002080        0xc build/obj//libs//core_teensy/HardwareSerial1.o
                0x0000000000002080                HardwareSerial::write9bit(unsigned long)
 .text._ZN14HardwareSerial5writeEh
                0x000000000000208c        0xc build/obj//libs//core_teensy/HardwareSerial1.o
                0x000000000000208c                HardwareSerial::write(unsigned char)
 .text._ZN14HardwareSerial5writeEPKc
                0x0000000000002098       0x18 build/obj//libs//core_teensy/HardwareSerial1.o
                0x0000000000002098                HardwareSerial::write(char const*)
 .text._ZN14HardwareSerial5writeEPKhj
                0x00000000000020b0       0x10 build/obj//libs//core_teensy/HardwareSerial1.o
                0x00000000000020b0                HardwareSerial::write(unsigned char const*, unsigned int)
 .text._ZN14HardwareSerial17availableForWriteEv
                0x00000000000020c0        0x8 build/obj//libs//core_teensy/HardwareSerial1.o
                0x00000000000020c0                HardwareSerial::availableForWrite()
 .text._ZN14HardwareSerial5clearEv
                0x00000000000020c8        0x8 build/obj//libs//core_teensy/HardwareSerial1.o
                0x00000000000020c8                HardwareSerial::clear()
 .text._ZN14HardwareSerial9attachCtsEh
                0x00000000000020d0       0x10 build/obj//libs//core_teensy/HardwareSerial1.o
                0x00000000000020d0                HardwareSerial::attachCts(unsigned char)
 .text._ZN14HardwareSerial9attachRtsEh
                0x00000000000020e0       0x10 build/obj//libs//core_teensy/HardwareSerial1.o
                0x00000000000020e0                HardwareSerial::attachRts(unsigned char)
 .text._ZN14HardwareSerial5setTXEhb
                0x00000000000020f0        0xc build/obj//libs//core_teensy/HardwareSerial1.o
                0x00000000000020f0                HardwareSerial::setTX(unsigned char, bool)
 .text._ZN14HardwareSerial5setRXEh
                0x00000000000020fc        0xa build/obj//libs//core_teensy/HardwareSerial1.o
                0x00000000000020fc                HardwareSerial::setRX(unsigned char)
 .text._ZN14HardwareSerial17transmitterEnableEh
                0x0000000000002106        0xa build/obj//libs//core_teensy/HardwareSerial1.o
                0x0000000000002106                HardwareSerial::transmitterEnable(unsigned char)
 .text._ZN14HardwareSerial3endEv
                0x0000000000002110        0x8 build/obj//libs//core_teensy/HardwareSerial1.o
                0x0000000000002110                HardwareSerial::end()
 .text._ZN14HardwareSerial5beginEm
                0x0000000000002118       0x16 build/obj//libs//core_teensy/HardwareSerial1.o
                0x0000000000002118                HardwareSerial::begin(unsigned long)
 .text._ZN14HardwareSerial5beginEmm
                0x000000000000212e       0x1e build/obj//libs//core_teensy/HardwareSerial1.o
                0x000000000000212e                HardwareSerial::begin(unsigned long, unsigned long)
 .text._ZN14HardwareSerial5flushEv
                0x000000000000214c        0x8 build/obj//libs//core_teensy/HardwareSerial1.o
                0x000000000000214c                HardwareSerial::flush()
 .text._ZN14HardwareSerial4peekEv
                0x0000000000002154        0x8 build/obj//libs//core_teensy/HardwareSerial1.o
                0x0000000000002154                HardwareSerial::peek()
 .text._ZN14HardwareSerial4readEv
                0x000000000000215c        0x8 build/obj//libs//core_teensy/HardwareSerial1.o
                0x000000000000215c                HardwareSerial::read()
 .text._ZN14HardwareSerial9availableEv
                0x0000000000002164        0x8 build/obj//libs//core_teensy/HardwareSerial1.o
                0x0000000000002164                HardwareSerial::available()
 .text._Z12serialEvent1v
                0x000000000000216c        0x2 build/obj//libs//core_teensy/HardwareSerial1.o
                0x000000000000216c                serialEvent1()
 *fill*         0x000000000000216e        0x2 ff
 .text._GLOBAL__sub_I_Serial1
                0x0000000000002170       0x1c build/obj//libs//core_teensy/HardwareSerial1.o
 .text._ZN15HardwareSerial25writeEm
                0x000000000000218c        0xc build/obj//libs//core_teensy/HardwareSerial2.o
                0x000000000000218c                HardwareSerial2::write(unsigned long)
 .text._ZN15HardwareSerial25writeEl
                0x0000000000002198        0xc build/obj//libs//core_teensy/HardwareSerial2.o
                0x0000000000002198                HardwareSerial2::write(long)
 .text._ZN15HardwareSerial25writeEj
                0x00000000000021a4        0xc build/obj//libs//core_teensy/HardwareSerial2.o
                0x00000000000021a4                HardwareSerial2::write(unsigned int)
 .text._ZN15HardwareSerial25writeEi
                0x00000000000021b0        0xc build/obj//libs//core_teensy/HardwareSerial2.o
                0x00000000000021b0                HardwareSerial2::write(int)
 .text._ZN15HardwareSerial29write9bitEm
                0x00000000000021bc        0xc build/obj//libs//core_teensy/HardwareSerial2.o
                0x00000000000021bc                HardwareSerial2::write9bit(unsigned long)
 .text._ZN15HardwareSerial25writeEh
                0x00000000000021c8        0xc build/obj//libs//core_teensy/HardwareSerial2.o
                0x00000000000021c8                HardwareSerial2::write(unsigned char)
 .text._ZN15HardwareSerial25writeEPKc
                0x00000000000021d4       0x18 build/obj//libs//core_teensy/HardwareSerial2.o
                0x00000000000021d4                HardwareSerial2::write(char const*)
 .text._ZN15HardwareSerial25writeEPKhj
                0x00000000000021ec       0x10 build/obj//libs//core_teensy/HardwareSerial2.o
                0x00000000000021ec                HardwareSerial2::write(unsigned char const*, unsigned int)
 .text._ZN15HardwareSerial217availableForWriteEv
                0x00000000000021fc        0x8 build/obj//libs//core_teensy/HardwareSerial2.o
                0x00000000000021fc                HardwareSerial2::availableForWrite()
 .text._ZN15HardwareSerial25clearEv
                0x0000000000002204        0x8 build/obj//libs//core_teensy/HardwareSerial2.o
                0x0000000000002204                HardwareSerial2::clear()
 .text._ZN15HardwareSerial29attachCtsEh
                0x000000000000220c       0x10 build/obj//libs//core_teensy/HardwareSerial2.o
                0x000000000000220c                HardwareSerial2::attachCts(unsigned char)
 .text._ZN15HardwareSerial29attachRtsEh
                0x000000000000221c       0x10 build/obj//libs//core_teensy/HardwareSerial2.o
                0x000000000000221c                HardwareSerial2::attachRts(unsigned char)
 .text._ZN15HardwareSerial25setTXEhb
                0x000000000000222c        0xc build/obj//libs//core_teensy/HardwareSerial2.o
                0x000000000000222c                HardwareSerial2::setTX(unsigned char, bool)
 .text._ZN15HardwareSerial25setRXEh
                0x0000000000002238        0xa build/obj//libs//core_teensy/HardwareSerial2.o
                0x0000000000002238                HardwareSerial2::setRX(unsigned char)
 .text._ZN15HardwareSerial217transmitterEnableEh
                0x0000000000002242        0xa build/obj//libs//core_teensy/HardwareSerial2.o
                0x0000000000002242                HardwareSerial2::transmitterEnable(unsigned char)
 .text._ZN15HardwareSerial23endEv
                0x000000000000224c        0x8 build/obj//libs//core_teensy/HardwareSerial2.o
                0x000000000000224c                HardwareSerial2::end()
 .text._ZN15HardwareSerial25beginEm
                0x0000000000002254       0x16 build/obj//libs//core_teensy/HardwareSerial2.o
                0x0000000000002254                HardwareSerial2::begin(unsigned long)
 .text._ZN15HardwareSerial25beginEmm
                0x000000000000226a       0x1e build/obj//libs//core_teensy/HardwareSerial2.o
                0x000000000000226a                HardwareSerial2::begin(unsigned long, unsigned long)
 .text._ZN15HardwareSerial25flushEv
                0x0000000000002288        0x8 build/obj//libs//core_teensy/HardwareSerial2.o
                0x0000000000002288                HardwareSerial2::flush()
 .text._ZN15HardwareSerial24peekEv
                0x0000000000002290        0x8 build/obj//libs//core_teensy/HardwareSerial2.o
                0x0000000000002290                HardwareSerial2::peek()
 .text._ZN15HardwareSerial24readEv
                0x0000000000002298        0x8 build/obj//libs//core_teensy/HardwareSerial2.o
                0x0000000000002298                HardwareSerial2::read()
 .text._ZN15HardwareSerial29availableEv
                0x00000000000022a0        0x8 build/obj//libs//core_teensy/HardwareSerial2.o
                0x00000000000022a0                HardwareSerial2::available()
 .text._Z12serialEvent2v
                0x00000000000022a8        0x2 build/obj//libs//core_teensy/HardwareSerial2.o
                0x00000000000022a8                serialEvent2()
 *fill*         0x00000000000022aa        0x2 ff
 .text._GLOBAL__sub_I_Serial2
                0x00000000000022ac       0x1c build/obj//libs//core_teensy/HardwareSerial2.o
 .text._ZN15HardwareSerial35writeEm
                0x00000000000022c8        0xc build/obj//libs//core_teensy/HardwareSerial3.o
                0x00000000000022c8                HardwareSerial3::write(unsigned long)
 .text._ZN15HardwareSerial35writeEl
                0x00000000000022d4        0xc build/obj//libs//core_teensy/HardwareSerial3.o
                0x00000000000022d4                HardwareSerial3::write(long)
 .text._ZN15HardwareSerial35writeEj
                0x00000000000022e0        0xc build/obj//libs//core_teensy/HardwareSerial3.o
                0x00000000000022e0                HardwareSerial3::write(unsigned int)
 .text._ZN15HardwareSerial35writeEi
                0x00000000000022ec        0xc build/obj//libs//core_teensy/HardwareSerial3.o
                0x00000000000022ec                HardwareSerial3::write(int)
 .text._ZN15HardwareSerial39write9bitEm
                0x00000000000022f8        0xc build/obj//libs//core_teensy/HardwareSerial3.o
                0x00000000000022f8                HardwareSerial3::write9bit(unsigned long)
 .text._ZN15HardwareSerial35writeEh
                0x0000000000002304        0xc build/obj//libs//core_teensy/HardwareSerial3.o
                0x0000000000002304                HardwareSerial3::write(unsigned char)
 .text._ZN15HardwareSerial35writeEPKc
                0x0000000000002310       0x18 build/obj//libs//core_teensy/HardwareSerial3.o
                0x0000000000002310                HardwareSerial3::write(char const*)
 .text._ZN15HardwareSerial35writeEPKhj
                0x0000000000002328       0x10 build/obj//libs//core_teensy/HardwareSerial3.o
                0x0000000000002328                HardwareSerial3::write(unsigned char const*, unsigned int)
 .text._ZN15HardwareSerial317availableForWriteEv
                0x0000000000002338        0x8 build/obj//libs//core_teensy/HardwareSerial3.o
                0x0000000000002338                HardwareSerial3::availableForWrite()
 .text._ZN15HardwareSerial35clearEv
                0x0000000000002340        0x8 build/obj//libs//core_teensy/HardwareSerial3.o
                0x0000000000002340                HardwareSerial3::clear()
 .text._ZN15HardwareSerial39attachCtsEh
                0x0000000000002348       0x10 build/obj//libs//core_teensy/HardwareSerial3.o
                0x0000000000002348                HardwareSerial3::attachCts(unsigned char)
 .text._ZN15HardwareSerial39attachRtsEh
                0x0000000000002358       0x10 build/obj//libs//core_teensy/HardwareSerial3.o
                0x0000000000002358                HardwareSerial3::attachRts(unsigned char)
 .text._ZN15HardwareSerial35setTXEhb
                0x0000000000002368        0xc build/obj//libs//core_teensy/HardwareSerial3.o
                0x0000000000002368                HardwareSerial3::setTX(unsigned char, bool)
 .text._ZN15HardwareSerial35setRXEh
                0x0000000000002374        0xa build/obj//libs//core_teensy/HardwareSerial3.o
                0x0000000000002374                HardwareSerial3::setRX(unsigned char)
 .text._ZN15HardwareSerial317transmitterEnableEh
                0x000000000000237e        0xa build/obj//libs//core_teensy/HardwareSerial3.o
                0x000000000000237e                HardwareSerial3::transmitterEnable(unsigned char)
 .text._ZN15HardwareSerial33endEv
                0x0000000000002388        0x8 build/obj//libs//core_teensy/HardwareSerial3.o
                0x0000000000002388                HardwareSerial3::end()
 .text._ZN15HardwareSerial35beginEm
                0x0000000000002390       0x16 build/obj//libs//core_teensy/HardwareSerial3.o
                0x0000000000002390                HardwareSerial3::begin(unsigned long)
 .text._ZN15HardwareSerial35beginEmm
                0x00000000000023a6       0x1e build/obj//libs//core_teensy/HardwareSerial3.o
                0x00000000000023a6                HardwareSerial3::begin(unsigned long, unsigned long)
 .text._ZN15HardwareSerial35flushEv
                0x00000000000023c4        0x8 build/obj//libs//core_teensy/HardwareSerial3.o
                0x00000000000023c4                HardwareSerial3::flush()
 .text._ZN15HardwareSerial34peekEv
                0x00000000000023cc        0x8 build/obj//libs//core_teensy/HardwareSerial3.o
                0x00000000000023cc                HardwareSerial3::peek()
 .text._ZN15HardwareSerial34readEv
                0x00000000000023d4        0x8 build/obj//libs//core_teensy/HardwareSerial3.o
                0x00000000000023d4                HardwareSerial3::read()
 .text._ZN15HardwareSerial39availableEv
                0x00000000000023dc        0x8 build/obj//libs//core_teensy/HardwareSerial3.o
                0x00000000000023dc                HardwareSerial3::available()
 .text._Z12serialEvent3v
                0x00000000000023e4        0x2 build/obj//libs//core_teensy/HardwareSerial3.o
                0x00000000000023e4                serialEvent3()
 *fill*         0x00000000000023e6        0x2 ff
 .text._GLOBAL__sub_I_Serial3
                0x00000000000023e8       0x1c build/obj//libs//core_teensy/HardwareSerial3.o
 .text._ZL11dummy_functv
                0x0000000000002404        0x2 build/obj//libs//core_teensy/IntervalTimer.o
 *fill*         0x0000000000002406        0x2 ff
 .text._ZN13IntervalTimer11beginCyclesEPFvvEm
                0x0000000000002408       0x90 build/obj//libs//core_teensy/IntervalTimer.o
                0x0000000000002408                IntervalTimer::beginCycles(void (*)(), unsigned long)
 .text._ZN13IntervalTimer3endEv
                0x0000000000002498       0x2c build/obj//libs//core_teensy/IntervalTimer.o
                0x0000000000002498                IntervalTimer::end()
 .text.pit0_isr
                0x00000000000024c4       0x1c build/obj//libs//core_teensy/IntervalTimer.o
                0x00000000000024c4                pit0_isr
 .text.pit1_isr
                0x00000000000024e0       0x1c build/obj//libs//core_teensy/IntervalTimer.o
                0x00000000000024e0                pit1_isr
 .text.pit2_isr
                0x00000000000024fc       0x1c build/obj//libs//core_teensy/IntervalTimer.o
                0x00000000000024fc                pit2_isr
 .text.pit3_isr
                0x0000000000002518       0x1c build/obj//libs//core_teensy/IntervalTimer.o
                0x0000000000002518                pit3_isr
 .text._ZN16usb_serial_class5clearEv
                0x0000000000002534        0x8 build/obj//libs//core_teensy/usb_inst.o
                0x0000000000002534                usb_serial_class::clear()
 .text._ZN16usb_serial_class5flushEv
                0x000000000000253c        0x8 build/obj//libs//core_teensy/usb_inst.o
                0x000000000000253c                usb_serial_class::flush()
 .text._ZN16usb_serial_class4peekEv
                0x0000000000002544        0x8 build/obj//libs//core_teensy/usb_inst.o
                0x0000000000002544                usb_serial_class::peek()
 .text._ZN16usb_serial_class4readEv
                0x000000000000254c        0x8 build/obj//libs//core_teensy/usb_inst.o
                0x000000000000254c                usb_serial_class::read()
 .text._ZN16usb_serial_class9availableEv
                0x0000000000002554        0x8 build/obj//libs//core_teensy/usb_inst.o
                0x0000000000002554                usb_serial_class::available()
 .text._ZN16usb_serial_class5writeEPKhj
                0x000000000000255c        0xc build/obj//libs//core_teensy/usb_inst.o
                0x000000000000255c                usb_serial_class::write(unsigned char const*, unsigned int)
 .text._ZN16usb_serial_class5writeEh
                0x0000000000002568        0xa build/obj//libs//core_teensy/usb_inst.o
                0x0000000000002568                usb_serial_class::write(unsigned char)
 .text._Z11serialEventv
                0x0000000000002572        0x2 build/obj//libs//core_teensy/usb_inst.o
                0x0000000000002572                serialEvent()
 .text._GLOBAL__sub_I_Serial
                0x0000000000002574       0x1c build/obj//libs//core_teensy/usb_inst.o
 .text.main     0x0000000000002590       0x10 build/obj//libs//core_teensy/main.o
                0x0000000000002590                main
 .text.yield    0x00000000000025a0       0x4c build/obj//libs//core_teensy/yield.o
                0x00000000000025a0                yield
 .text._ZN8SPIClass5beginEv
                0x00000000000025ec       0x94 build/obj//libs//SPI/SPI.o
                0x00000000000025ec                SPIClass::begin()
 .text._ZN7Sampler4initEv
                0x0000000000002680       0x38 build/obj//app//sampler.o
                0x0000000000002680                Sampler::init()
 .text._ZN7Sampler11isRecordingEv
                0x00000000000026b8        0xc build/obj//app//sampler.o
                0x00000000000026b8                Sampler::isRecording()
 .text._ZN7Sampler17toggleSamplerModeEv
                0x00000000000026c4       0x28 build/obj//app//sampler.o
                0x00000000000026c4                Sampler::toggleSamplerMode()
 .text._ZN7Sampler11toggleTrackEi
                0x00000000000026ec       0x16 build/obj//app//sampler.o
                0x00000000000026ec                Sampler::toggleTrack(int)
 .text._ZN7Sampler8setStepsEi
                0x0000000000002702       0x28 build/obj//app//sampler.o
                0x0000000000002702                Sampler::setSteps(int)
 .text._ZN7Sampler15handleClockStepEv
                0x000000000000272a       0x20 build/obj//app//sampler.o
                0x000000000000272a                Sampler::handleClockStep()
 *fill*         0x000000000000274a        0x2 ff
 .text._ZN7Sampler15recordClockStepEv
                0x000000000000274c       0x40 build/obj//app//sampler.o
                0x000000000000274c                Sampler::recordClockStep()
 .text._ZN7Sampler18checkClockProgressEv
                0x000000000000278c       0x38 build/obj//app//sampler.o
                0x000000000000278c                Sampler::checkClockProgress()
 .text._ZN10SamplerApp14updateEncodersEv
                0x00000000000027c4       0x52 build/obj//app//samplerApp.o
                0x00000000000027c4                SamplerApp::updateEncoders()
 .text._ZN10SamplerApp10updatePadsEv
                0x0000000000002816       0x60 build/obj//app//samplerApp.o
                0x0000000000002816                SamplerApp::updatePads()
 .text._ZN10SamplerApp4initEv
                0x0000000000002876       0x16 build/obj//app//samplerApp.o
                0x0000000000002876                SamplerApp::init()
 .text._ZN10SamplerApp6updateEv
                0x000000000000288c       0x16 build/obj//app//samplerApp.o
                0x000000000000288c                SamplerApp::update()
 .text._ZN10SamplerApp14onEncoderPressEi
                0x00000000000028a2       0x1a build/obj//app//samplerApp.o
                0x00000000000028a2                SamplerApp::onEncoderPress(int)
 .text._ZN10SamplerApp16onEncoderReleaseEi
                0x00000000000028bc        0x2 build/obj//app//samplerApp.o
                0x00000000000028bc                SamplerApp::onEncoderRelease(int)
 .text._ZN10SamplerApp15onEncoderRotateEii
                0x00000000000028be        0x2 build/obj//app//samplerApp.o
                0x00000000000028be                SamplerApp::onEncoderRotate(int, int)
 .text._ZN10SamplerApp15onCVInputChangeEi
                0x00000000000028c0       0x40 build/obj//app//samplerApp.o
                0x00000000000028c0                SamplerApp::onCVInputChange(int)
 .text._ZN10SamplerApp13onButtonPressEN9PresetApp7ButtonsE
                0x0000000000002900        0xe build/obj//app//samplerApp.o
                0x0000000000002900                SamplerApp::onButtonPress(PresetApp::Buttons)
 .text._ZN10SamplerApp15onButtonReleaseEN9PresetApp7ButtonsE
                0x000000000000290e        0x2 build/obj//app//samplerApp.o
                0x000000000000290e                SamplerApp::onButtonRelease(PresetApp::Buttons)
 .text._ZN10SamplerApp10onPadPressEi
                0x0000000000002910        0xa build/obj//app//samplerApp.o
                0x0000000000002910                SamplerApp::onPadPress(int)
 .text._ZN10SamplerApp12onPadReleaseEi
                0x000000000000291a        0x2 build/obj//app//samplerApp.o
                0x000000000000291a                SamplerApp::onPadRelease(int)
 .text._ZN9PresetApp13setEncoderLEDEiNS_16EncoderLedColorsEi
                0x000000000000291c       0x38 build/obj//app//presetApp.o
                0x000000000000291c                PresetApp::setEncoderLED(int, PresetApp::EncoderLedColors, int)
 .text._ZN9PresetApp9setPadLEDEii
                0x0000000000002954       0x2c build/obj//app//presetApp.o
                0x0000000000002954                PresetApp::setPadLED(int, int)
 .text._Z14onEncoderPressh
                0x0000000000002980       0x10 build/obj//app//main.o
                0x0000000000002980                onEncoderPress(unsigned char)
 .text._Z16onEncoderReleaseh
                0x0000000000002990       0x10 build/obj//app//main.o
                0x0000000000002990                onEncoderRelease(unsigned char)
 .text._Z15onEncoderRotatehh
                0x00000000000029a0       0x1c build/obj//app//main.o
                0x00000000000029a0                onEncoderRotate(unsigned char, unsigned char)
 .text._Z6onCVint
                0x00000000000029bc       0x10 build/obj//app//main.o
                0x00000000000029bc                onCVin(unsigned short)
 .text._Z13onButtonPressh
                0x00000000000029cc       0x10 build/obj//app//main.o
                0x00000000000029cc                onButtonPress(unsigned char)
 .text._Z15onButtonReleaseh
                0x00000000000029dc       0x10 build/obj//app//main.o
                0x00000000000029dc                onButtonRelease(unsigned char)
 .text._Z10onPadPressh
                0x00000000000029ec       0x10 build/obj//app//main.o
                0x00000000000029ec                onPadPress(unsigned char)
 .text._Z12onPadReleaseh
                0x00000000000029fc       0x10 build/obj//app//main.o
                0x00000000000029fc                onPadRelease(unsigned char)
 .text._Z18presetHardwareInitv
                0x0000000000002a0c       0xa8 build/obj//app//main.o
                0x0000000000002a0c                presetHardwareInit()
 .text._Z20presetHardwareUpdatev
                0x0000000000002ab4       0x38 build/obj//app//main.o
                0x0000000000002ab4                presetHardwareUpdate()
 .text.setup    0x0000000000002aec       0x14 build/obj//app//main.o
                0x0000000000002aec                setup
 .text.loop     0x0000000000002b00       0x14 build/obj//app//main.o
                0x0000000000002b00                loop
 .text._GLOBAL__sub_I_application
                0x0000000000002b14       0x24 build/obj//app//main.o
 .text._ZN9PresetDACC2Ev
                0x0000000000002b38        0x2 build/obj//drivers//presetDAC.o
                0x0000000000002b38                PresetDAC::PresetDAC()
                0x0000000000002b38                PresetDAC::PresetDAC()
 .text._ZN9PresetDACD2Ev
                0x0000000000002b3a        0x2 build/obj//drivers//presetDAC.o
                0x0000000000002b3a                PresetDAC::~PresetDAC()
                0x0000000000002b3a                PresetDAC::~PresetDAC()
 .text._ZN9PresetDAC4initEv
                0x0000000000002b3c       0x18 build/obj//drivers//presetDAC.o
                0x0000000000002b3c                PresetDAC::init()
 .text._ZN9PresetDAC6updateEv
                0x0000000000002b54       0x2c build/obj//drivers//presetDAC.o
                0x0000000000002b54                PresetDAC::update()
 .text._ZN9PresetDAC14setCVinHandlerEPFvtE
                0x0000000000002b80        0xc build/obj//drivers//presetDAC.o
                0x0000000000002b80                PresetDAC::setCVinHandler(void (*)(unsigned short))
 .text._ZN5mtLEDC2Ev
                0x0000000000002b8c       0x94 build/obj//drivers//mtLED.o
                0x0000000000002b8c                mtLED::mtLED()
                0x0000000000002b8c                mtLED::mtLED()
 .text._ZN5mtLED6setLEDEhhh
                0x0000000000002c20       0x54 build/obj//drivers//mtLED.o
                0x0000000000002c20                mtLED::setLED(unsigned char, unsigned char, unsigned char)
 .text._ZN5mtLED15setEncoderColorEhhth
                0x0000000000002c74      0x150 build/obj//drivers//mtLED.o
                0x0000000000002c74                mtLED::setEncoderColor(unsigned char, unsigned char, unsigned short, unsigned char)
 .text._ZN5mtLED16setPresetGridLEDEhhh
                0x0000000000002dc4       0x16 build/obj//drivers//mtLED.o
                0x0000000000002dc4                mtLED::setPresetGridLED(unsigned char, unsigned char, unsigned char)
 *fill*         0x0000000000002dda        0x2 ff
 .text._ZN5mtLED10checkFaultEv
                0x0000000000002ddc       0x80 build/obj//drivers//mtLED.o
                0x0000000000002ddc                mtLED::checkFault()
 .text._GLOBAL__sub_I_presetLeds
                0x0000000000002e5c       0x10 build/obj//drivers//mtLED.o
 .text._ZN5mtLED16setLEDOnOffBytesEPhh
                0x0000000000002e6c       0x70 build/obj//drivers//mtLED.o
                0x0000000000002e6c                mtLED::setLEDOnOffBytes(unsigned char*, unsigned char)
 .text._ZN5mtLED10selectBankEh
                0x0000000000002edc       0x38 build/obj//drivers//mtLED.o
                0x0000000000002edc                mtLED::selectBank(unsigned char)
 .text._ZN5mtLED5clearEv
                0x0000000000002f14       0x60 build/obj//drivers//mtLED.o
                0x0000000000002f14                mtLED::clear()
 .text._ZN5mtLED14writeRegister8Ehhh
                0x0000000000002f74       0x78 build/obj//drivers//mtLED.o
                0x0000000000002f74                mtLED::writeRegister8(unsigned char, unsigned char, unsigned char)
 .text._ZN5mtLED12displayFrameEh
                0x0000000000002fec       0x14 build/obj//drivers//mtLED.o
                0x0000000000002fec                mtLED::displayFrame(unsigned char)
 .text._ZN5mtLED4initEh
                0x0000000000003000       0xe4 build/obj//drivers//mtLED.o
                0x0000000000003000                mtLED::init(unsigned char)
 .text._ZN5mtLED13readRegister8Ehh
                0x00000000000030e4       0xb4 build/obj//drivers//mtLED.o
                0x00000000000030e4                mtLED::readRegister8(unsigned char, unsigned char)
 .text._ZN5mtLED17checkAndRepairRegEh
                0x0000000000003198       0x2a build/obj//drivers//mtLED.o
                0x0000000000003198                mtLED::checkAndRepairReg(unsigned char)
 .text._ZN5mtLED14checkAndRepairEv
                0x00000000000031c2       0x22 build/obj//drivers//mtLED.o
                0x00000000000031c2                mtLED::checkAndRepair()
 .text._ZN5mtLED6updateEv
                0x00000000000031e4       0xbc build/obj//drivers//mtLED.o
                0x00000000000031e4                mtLED::update()
 .text._ZN18ShiftRegisterHC5955shiftEh
                0x00000000000032a0       0x30 build/obj//drivers//hc595.o
                0x00000000000032a0                ShiftRegisterHC595::shift(unsigned char)
 .text._ZN18ShiftRegisterHC59513clearRegisterEv
                0x00000000000032d0       0x3c build/obj//drivers//hc595.o
                0x00000000000032d0                ShiftRegisterHC595::clearRegister()
 .text._ZN18ShiftRegisterHC5954initEhhh
                0x000000000000330c       0x3a build/obj//drivers//hc595.o
                0x000000000000330c                ShiftRegisterHC595::init(unsigned char, unsigned char, unsigned char)
 .text._ZN18ShiftRegisterHC5956updateEv
                0x0000000000003346       0x24 build/obj//drivers//hc595.o
                0x0000000000003346                ShiftRegisterHC595::update()
 .text._ZN18ShiftRegisterHC59514setMeasureFuncEPFvhE
                0x000000000000336a        0x4 build/obj//drivers//hc595.o
                0x000000000000336a                ShiftRegisterHC595::setMeasureFunc(void (*)(unsigned char))
 *fill*         0x000000000000336e        0x2 ff
 .text._ZN21presetEncoderSwitches4initEv
                0x0000000000003370       0x50 build/obj//drivers//presetSwitches.o
                0x0000000000003370                presetEncoderSwitches::init()
 .text._ZN21presetEncoderSwitches6updateEv
                0x00000000000033c0       0xec build/obj//drivers//presetSwitches.o
                0x00000000000033c0                presetEncoderSwitches::update()
 .text._ZN21presetEncoderSwitches16setPressFunctionEPFvhE
                0x00000000000034ac        0x4 build/obj//drivers//presetSwitches.o
                0x00000000000034ac                presetEncoderSwitches::setPressFunction(void (*)(unsigned char))
 .text._ZN21presetEncoderSwitches18setReleaseFunctionEPFvhE
                0x00000000000034b0        0x4 build/obj//drivers//presetSwitches.o
                0x00000000000034b0                presetEncoderSwitches::setReleaseFunction(void (*)(unsigned char))
 .text._ZN18presetTactSwitches4initEv
                0x00000000000034b4       0x30 build/obj//drivers//presetSwitches.o
                0x00000000000034b4                presetTactSwitches::init()
 .text._ZN18presetTactSwitches6updateEv
                0x00000000000034e4       0xd4 build/obj//drivers//presetSwitches.o
                0x00000000000034e4                presetTactSwitches::update()
 .text._ZN18presetTactSwitches16setPressFunctionEPFvhE
                0x00000000000035b8        0x4 build/obj//drivers//presetSwitches.o
                0x00000000000035b8                presetTactSwitches::setPressFunction(void (*)(unsigned char))
 .text._ZN18presetTactSwitches18setReleaseFunctionEPFvhE
                0x00000000000035bc        0x4 build/obj//drivers//presetSwitches.o
                0x00000000000035bc                presetTactSwitches::setReleaseFunction(void (*)(unsigned char))
 .text._GLOBAL__sub_I_encoderSwitches
                0x00000000000035c0       0x40 build/obj//drivers//presetSwitches.o
 .text._Z14updateEncodersv
                0x0000000000003600       0xf0 build/obj//drivers//presetEncoder.o
                0x0000000000003600                updateEncoders()
 .text._Z12initEncodersPFvhhE
                0x00000000000036f0       0x20 build/obj//drivers//presetEncoder.o
                0x00000000000036f0                initEncoders(void (*)(unsigned char, unsigned char))
 .text._GLOBAL__sub_I_encoderInterrupt
                0x0000000000003710       0x24 build/obj//drivers//presetEncoder.o
 .text._Z16max_readRegisterh
                0x0000000000003734       0x70 build/obj//drivers//max11300.o
                0x0000000000003734                max_readRegister(unsigned char)
 .text._Z17max_writeRegisterht
                0x00000000000037a4      0x14c build/obj//drivers//max11300.o
                0x00000000000037a4                max_writeRegister(unsigned char, unsigned short)
 .text._Z8max_initv
                0x00000000000038f0       0xd4 build/obj//drivers//max11300.o
                0x00000000000038f0                max_init()
 .text._Z11max_readADCh
                0x00000000000039c4       0x24 build/obj//drivers//max11300.o
                0x00000000000039c4                max_readADC(unsigned char)
 .text._Z14max_isADCReadyh
                0x00000000000039e8       0x3c build/obj//drivers//max11300.o
                0x00000000000039e8                max_isADCReady(unsigned char)
 .text._Z13initMultiplexv
                0x0000000000003a24       0x54 build/obj//drivers//presetMultiplex.o
                0x0000000000003a24                initMultiplex()
 .text._Z18setMultiplexSwitchh
                0x0000000000003a78       0x46 build/obj//drivers//presetMultiplex.o
                0x0000000000003a78                setMultiplexSwitch(unsigned char)
 .text._Z20setMultiplexEncodersh
                0x0000000000003abe       0x46 build/obj//drivers//presetMultiplex.o
                0x0000000000003abe                setMultiplexEncoders(unsigned char)
 .text._Z18measureGridButtonsh
                0x0000000000003b04      0x184 build/obj//drivers//presetButtons.o
                0x0000000000003b04                measureGridButtons(unsigned char)
 .text._Z15initGridButtonsv
                0x0000000000003c88       0x58 build/obj//drivers//presetButtons.o
                0x0000000000003c88                initGridButtons()
 .text._Z17updateGridButtonsv
                0x0000000000003ce0       0x10 build/obj//drivers//presetButtons.o
                0x0000000000003ce0                updateGridButtons()
 .text._Z25setPressActionGridButtonsPFvhE
                0x0000000000003cf0        0xc build/obj//drivers//presetButtons.o
                0x0000000000003cf0                setPressActionGridButtons(void (*)(unsigned char))
 .text._Z27setReleaseActionGridButtonsPFvhE
                0x0000000000003cfc        0xc build/obj//drivers//presetButtons.o
                0x0000000000003cfc                setReleaseActionGridButtons(void (*)(unsigned char))
 .text._GLOBAL__sub_I_offTimerGridButtons
                0x0000000000003d08       0x24 build/obj//drivers//presetButtons.o
 .text._ZN11PresetFlash4initEv
                0x0000000000003d2c       0x18 build/obj//drivers//presetFlash.o
                0x0000000000003d2c                PresetFlash::init()
 .text._ZN11PresetFlash19readCalibrationDataEPNS_15CalibrationDataE
                0x0000000000003d44       0x12 build/obj//drivers//presetFlash.o
                0x0000000000003d44                PresetFlash::readCalibrationData(PresetFlash::CalibrationData*)
 *fill*         0x0000000000003d56        0x2 ff
 .text._GLOBAL__sub_I_flash
                0x0000000000003d58       0x10 build/obj//drivers//presetFlash.o
 .text.dummy_isr
                0x0000000000003d68        0x2 build/obj//libs//core_teensy/pins_teensy.o
 *fill*         0x0000000000003d6a        0x2 ff
 .text.detachInterrupt
                0x0000000000003d6c       0x94 build/obj//libs//core_teensy/pins_teensy.o
                0x0000000000003d6c                detachInterrupt
 .text.rtc_set  0x0000000000003e00       0x14 build/obj//libs//core_teensy/pins_teensy.o
                0x0000000000003e00                rtc_set
 .text.digitalWrite
                0x0000000000003e14       0x44 build/obj//libs//core_teensy/pins_teensy.o
                0x0000000000003e14                digitalWrite
 .text.digitalRead
                0x0000000000003e58       0x1c build/obj//libs//core_teensy/pins_teensy.o
                0x0000000000003e58                digitalRead
 .text.pinMode  0x0000000000003e74       0x80 build/obj//libs//core_teensy/pins_teensy.o
                0x0000000000003e74                pinMode
 .text.attachInterrupt
                0x0000000000003ef4      0x100 build/obj//libs//core_teensy/pins_teensy.o
                0x0000000000003ef4                attachInterrupt
 .text.micros   0x0000000000003ff4       0x40 build/obj//libs//core_teensy/pins_teensy.o
                0x0000000000003ff4                micros
 .text.delay    0x0000000000004034       0x2a build/obj//libs//core_teensy/pins_teensy.o
                0x0000000000004034                delay
 *fill*         0x000000000000405e        0x2 ff
 .text._init_Teensyduino_internal_
                0x0000000000004060       0x84 build/obj//libs//core_teensy/pins_teensy.o
                0x0000000000004060                _init_Teensyduino_internal_
 .text.serial2_begin
                0x00000000000040e4       0xcc build/obj//libs//core_teensy/serial2.o
                0x00000000000040e4                serial2_begin
 .text.serial2_format
                0x00000000000041b0       0x60 build/obj//libs//core_teensy/serial2.o
                0x00000000000041b0                serial2_format
 .text.serial2_end
                0x0000000000004210       0xb4 build/obj//libs//core_teensy/serial2.o
                0x0000000000004210                serial2_end
 .text.serial2_set_transmit_pin
                0x00000000000042c4       0x34 build/obj//libs//core_teensy/serial2.o
                0x00000000000042c4                serial2_set_transmit_pin
 .text.serial2_set_tx
                0x00000000000042f8       0x78 build/obj//libs//core_teensy/serial2.o
                0x00000000000042f8                serial2_set_tx
 .text.serial2_set_rx
                0x0000000000004370       0x5c build/obj//libs//core_teensy/serial2.o
                0x0000000000004370                serial2_set_rx
 .text.serial2_set_rts
                0x00000000000043cc       0x44 build/obj//libs//core_teensy/serial2.o
                0x00000000000043cc                serial2_set_rts
 .text.serial2_set_cts
                0x0000000000004410       0x44 build/obj//libs//core_teensy/serial2.o
                0x0000000000004410                serial2_set_cts
 .text.serial2_putchar
                0x0000000000004454       0x8c build/obj//libs//core_teensy/serial2.o
                0x0000000000004454                serial2_putchar
 .text.serial2_write
                0x00000000000044e0       0xa8 build/obj//libs//core_teensy/serial2.o
                0x00000000000044e0                serial2_write
 .text.serial2_flush
                0x0000000000004588       0x1c build/obj//libs//core_teensy/serial2.o
                0x0000000000004588                serial2_flush
 .text.serial2_write_buffer_free
                0x00000000000045a4       0x1c build/obj//libs//core_teensy/serial2.o
                0x00000000000045a4                serial2_write_buffer_free
 .text.serial2_available
                0x00000000000045c0       0x14 build/obj//libs//core_teensy/serial2.o
                0x00000000000045c0                serial2_available
 .text.serial2_getchar
                0x00000000000045d4       0x30 build/obj//libs//core_teensy/serial2.o
                0x00000000000045d4                serial2_getchar
 .text.serial2_peek
                0x0000000000004604       0x28 build/obj//libs//core_teensy/serial2.o
                0x0000000000004604                serial2_peek
 .text.serial2_clear
                0x000000000000462c       0x4c build/obj//libs//core_teensy/serial2.o
                0x000000000000462c                serial2_clear
 .text.uart1_status_isr
                0x0000000000004678      0x114 build/obj//libs//core_teensy/serial2.o
                0x0000000000004678                uart1_status_isr
 .text.endpoint0_transmit
                0x000000000000478c       0x44 build/obj//libs//core_teensy/usb_dev.o
 .text.usb_rx   0x00000000000047d0       0x38 build/obj//libs//core_teensy/usb_dev.o
                0x00000000000047d0                usb_rx
 .text.usb_tx_packet_count
                0x0000000000004808       0x2c build/obj//libs//core_teensy/usb_dev.o
                0x0000000000004808                usb_tx_packet_count
 .text.usb_rx_memory
                0x0000000000004834       0x8c build/obj//libs//core_teensy/usb_dev.o
                0x0000000000004834                usb_rx_memory
 .text.usb_tx   0x00000000000048c0       0x8c build/obj//libs//core_teensy/usb_dev.o
                0x00000000000048c0                usb_tx
 .text.usb_isr  0x000000000000494c      0x728 build/obj//libs//core_teensy/usb_dev.o
                0x000000000000494c                usb_isr
 .text.usb_init
                0x0000000000005074       0x88 build/obj//libs//core_teensy/usb_dev.o
                0x0000000000005074                usb_init
 .text.wait_for_cal
                0x00000000000050fc       0xc4 build/obj//libs//core_teensy/analog.o
 .text.analog_init
                0x00000000000051c0       0xe4 build/obj//libs//core_teensy/analog.o
                0x00000000000051c0                analog_init
 .text.analogReadRes
                0x00000000000052a4       0x5c build/obj//libs//core_teensy/analog.o
                0x00000000000052a4                analogReadRes
 .text.analogRead
                0x0000000000005300       0xe8 build/obj//libs//core_teensy/analog.o
                0x0000000000005300                analogRead
 .text.ultoa    0x00000000000053e8       0x64 build/obj//libs//core_teensy/nonstd.o
                0x00000000000053e8                ultoa
 .text.serial_begin
                0x000000000000544c       0xcc build/obj//libs//core_teensy/serial1.o
                0x000000000000544c                serial_begin
 .text.serial_format
                0x0000000000005518       0x60 build/obj//libs//core_teensy/serial1.o
                0x0000000000005518                serial_format
 .text.serial_end
                0x0000000000005578       0x6c build/obj//libs//core_teensy/serial1.o
                0x0000000000005578                serial_end
 .text.serial_set_transmit_pin
                0x00000000000055e4       0x34 build/obj//libs//core_teensy/serial1.o
                0x00000000000055e4                serial_set_transmit_pin
 .text.serial_set_tx
                0x0000000000005618       0x78 build/obj//libs//core_teensy/serial1.o
                0x0000000000005618                serial_set_tx
 .text.serial_set_rx
                0x0000000000005690       0x58 build/obj//libs//core_teensy/serial1.o
                0x0000000000005690                serial_set_rx
 .text.serial_set_rts
                0x00000000000056e8       0x44 build/obj//libs//core_teensy/serial1.o
                0x00000000000056e8                serial_set_rts
 .text.serial_set_cts
                0x000000000000572c       0x54 build/obj//libs//core_teensy/serial1.o
                0x000000000000572c                serial_set_cts
 .text.serial_putchar
                0x0000000000005780       0xb0 build/obj//libs//core_teensy/serial1.o
                0x0000000000005780                serial_putchar
 .text.serial_write
                0x0000000000005830       0xc8 build/obj//libs//core_teensy/serial1.o
                0x0000000000005830                serial_write
 .text.serial_flush
                0x00000000000058f8       0x1c build/obj//libs//core_teensy/serial1.o
                0x00000000000058f8                serial_flush
 .text.serial_write_buffer_free
                0x0000000000005914       0x24 build/obj//libs//core_teensy/serial1.o
                0x0000000000005914                serial_write_buffer_free
 .text.serial_available
                0x0000000000005938       0x20 build/obj//libs//core_teensy/serial1.o
                0x0000000000005938                serial_available
 .text.serial_getchar
                0x0000000000005958       0x78 build/obj//libs//core_teensy/serial1.o
                0x0000000000005958                serial_getchar
 .text.serial_peek
                0x00000000000059d0       0x34 build/obj//libs//core_teensy/serial1.o
                0x00000000000059d0                serial_peek
 .text.serial_clear
                0x0000000000005a04       0x4c build/obj//libs//core_teensy/serial1.o
                0x0000000000005a04                serial_clear
 .text.uart0_status_isr
                0x0000000000005a50      0x128 build/obj//libs//core_teensy/serial1.o
                0x0000000000005a50                uart0_status_isr
 .text.usb_malloc
                0x0000000000005b78       0x40 build/obj//libs//core_teensy/usb_mem.o
                0x0000000000005b78                usb_malloc
 .text.usb_free
                0x0000000000005bb8       0x50 build/obj//libs//core_teensy/usb_mem.o
                0x0000000000005bb8                usb_free
 .text.systick_default_isr
                0x0000000000005c08       0x10 build/obj//libs//core_teensy/mk20dx128.o
                0x0000000000005c08                systick_isr
                0x0000000000005c08                systick_default_isr
 .text.fault_isr
                0x0000000000005c18       0x40 build/obj//libs//core_teensy/mk20dx128.o
                0x0000000000005c18                hard_fault_isr
                0x0000000000005c18                bus_fault_isr
                0x0000000000005c18                usage_fault_isr
                0x0000000000005c18                fault_isr
                0x0000000000005c18                memmanage_fault_isr
 .text.unused_isr
                0x0000000000005c58        0x6 build/obj//libs//core_teensy/mk20dx128.o
                0x0000000000005c58                enet_tx_isr
                0x0000000000005c58                dma_ch6_isr
                0x0000000000005c58                uart0_lon_isr
                0x0000000000005c58                dma_ch8_isr
                0x0000000000005c58                portcd_isr
                0x0000000000005c58                can1_rx_warn_isr
                0x0000000000005c58                dma_error_isr
                0x0000000000005c58                portd_isr
                0x0000000000005c58                enet_error_isr
                0x0000000000005c58                tpm1_isr
                0x0000000000005c58                porte_isr
                0x0000000000005c58                portb_isr
                0x0000000000005c58                spi1_isr
                0x0000000000005c58                uart3_status_isr
                0x0000000000005c58                mcm_isr
                0x0000000000005c58                randnum_isr
                0x0000000000005c58                watchdog_isr
                0x0000000000005c58                i2c1_isr
                0x0000000000005c58                dma_ch11_isr
                0x0000000000005c58                i2c2_isr
                0x0000000000005c58                dma_ch4_isr
                0x0000000000005c58                dma_ch7_isr
                0x0000000000005c58                lptmr_isr
                0x0000000000005c58                can1_bus_off_isr
                0x0000000000005c58                ftm2_isr
                0x0000000000005c58                uart5_status_isr
                0x0000000000005c58                lpuart0_status_isr
                0x0000000000005c58                dma_ch9_isr
                0x0000000000005c58                i2c3_isr
                0x0000000000005c58                can1_error_isr
                0x0000000000005c58                can0_wakeup_isr
                0x0000000000005c58                flash_cmd_isr
                0x0000000000005c58                svcall_isr
                0x0000000000005c58                dma_ch15_isr
                0x0000000000005c58                uart1_error_isr
                0x0000000000005c58                usbhs_phy_isr
                0x0000000000005c58                unused_isr
                0x0000000000005c58                spi0_isr
                0x0000000000005c58                dma_ch3_isr
                0x0000000000005c58                flash_error_isr
                0x0000000000005c58                uart5_error_isr
                0x0000000000005c58                rtc_seconds_isr
                0x0000000000005c58                pdb_isr
                0x0000000000005c58                dac1_isr
                0x0000000000005c58                dma_ch14_isr
                0x0000000000005c58                rtc_alarm_isr
                0x0000000000005c58                dma_ch2_isr
                0x0000000000005c58                ftm1_isr
                0x0000000000005c58                dma_ch13_isr
                0x0000000000005c58                uart2_error_isr
                0x0000000000005c58                usb_charge_isr
                0x0000000000005c58                cmt_isr
                0x0000000000005c58                usbhs_isr
                0x0000000000005c58                ftm3_isr
                0x0000000000005c58                tsi0_isr
                0x0000000000005c58                spi2_isr
                0x0000000000005c58                can0_bus_off_isr
                0x0000000000005c58                uart3_error_isr
                0x0000000000005c58                porta_isr
                0x0000000000005c58                low_voltage_isr
                0x0000000000005c58                can0_error_isr
                0x0000000000005c58                dma_ch12_isr
                0x0000000000005c58                can1_wakeup_isr
                0x0000000000005c58                enet_rx_isr
                0x0000000000005c58                portc_isr
                0x0000000000005c58                debugmonitor_isr
                0x0000000000005c58                cmp1_isr
                0x0000000000005c58                ftm0_isr
                0x0000000000005c58                tpm0_isr
                0x0000000000005c58                i2s0_rx_isr
                0x0000000000005c58                uart4_error_isr
                0x0000000000005c58                can0_message_isr
                0x0000000000005c58                can1_message_isr
                0x0000000000005c58                nmi_isr
                0x0000000000005c58                sdhc_isr
                0x0000000000005c58                dma_ch10_isr
                0x0000000000005c58                uart0_error_isr
                0x0000000000005c58                i2s0_isr
                0x0000000000005c58                enet_timer_isr
                0x0000000000005c58                i2s0_tx_isr
                0x0000000000005c58                adc1_isr
                0x0000000000005c58                cmp0_isr
                0x0000000000005c58                pit_isr
                0x0000000000005c58                dac0_isr
                0x0000000000005c58                can1_tx_warn_isr
                0x0000000000005c58                mcg_isr
                0x0000000000005c58                dma_ch1_isr
                0x0000000000005c58                dma_ch5_isr
                0x0000000000005c58                can0_rx_warn_isr
                0x0000000000005c58                can0_tx_warn_isr
                0x0000000000005c58                uart4_status_isr
                0x0000000000005c58                cmp2_isr
                0x0000000000005c58                pendablesrvreq_isr
                0x0000000000005c58                wakeup_isr
                0x0000000000005c58                cmp3_isr
                0x0000000000005c58                tpm2_isr
                0x0000000000005c58                dma_ch0_isr
                0x0000000000005c58                adc0_isr
 *fill*         0x0000000000005c5e        0x2 ff
 .text.startup_default_early_hook
                0x0000000000005c60        0xc build/obj//libs//core_teensy/mk20dx128.o
                0x0000000000005c60                startup_early_hook
 .text.startup_default_late_hook
                0x0000000000005c6c        0x2 build/obj//libs//core_teensy/mk20dx128.o
                0x0000000000005c6c                startup_late_hook
 *fill*         0x0000000000005c6e        0x2 ff
 .text._sbrk    0x0000000000005c70       0x10 build/obj//libs//core_teensy/mk20dx128.o
                0x0000000000005c70                _sbrk
 .text.nvic_execution_priority
                0x0000000000005c80       0x40 build/obj//libs//core_teensy/mk20dx128.o
                0x0000000000005c80                nvic_execution_priority
 .text.usb_serial_getchar
                0x0000000000005cc0       0x58 build/obj//libs//core_teensy/usb_serial.o
                0x0000000000005cc0                usb_serial_getchar
 .text.usb_serial_peekchar
                0x0000000000005d18       0x3c build/obj//libs//core_teensy/usb_serial.o
                0x0000000000005d18                usb_serial_peekchar
 .text.usb_serial_available
                0x0000000000005d54       0x1c build/obj//libs//core_teensy/usb_serial.o
                0x0000000000005d54                usb_serial_available
 .text.usb_serial_flush_input
                0x0000000000005d70       0x38 build/obj//libs//core_teensy/usb_serial.o
                0x0000000000005d70                usb_serial_flush_input
 .text.usb_serial_write
                0x0000000000005da8       0xf4 build/obj//libs//core_teensy/usb_serial.o
                0x0000000000005da8                usb_serial_write
 .text.usb_serial_putchar
                0x0000000000005e9c       0x18 build/obj//libs//core_teensy/usb_serial.o
                0x0000000000005e9c                usb_serial_putchar
 .text.usb_serial_flush_output
                0x0000000000005eb4       0x60 build/obj//libs//core_teensy/usb_serial.o
                0x0000000000005eb4                usb_serial_flush_output
 .text.usb_serial_flush_callback
                0x0000000000005f14       0x44 build/obj//libs//core_teensy/usb_serial.o
                0x0000000000005f14                usb_serial_flush_callback
 .text.serial3_begin
                0x0000000000005f58       0x84 build/obj//libs//core_teensy/serial3.o
                0x0000000000005f58                serial3_begin
 .text.serial3_format
                0x0000000000005fdc       0x60 build/obj//libs//core_teensy/serial3.o
                0x0000000000005fdc                serial3_format
 .text.serial3_end
                0x000000000000603c       0x6c build/obj//libs//core_teensy/serial3.o
                0x000000000000603c                serial3_end
 .text.serial3_set_transmit_pin
                0x00000000000060a8       0x34 build/obj//libs//core_teensy/serial3.o
                0x00000000000060a8                serial3_set_transmit_pin
 .text.serial3_set_tx
                0x00000000000060dc       0x58 build/obj//libs//core_teensy/serial3.o
                0x00000000000060dc                serial3_set_tx
 .text.serial3_set_rx
                0x0000000000006134        0x2 build/obj//libs//core_teensy/serial3.o
                0x0000000000006134                serial3_set_rx
 *fill*         0x0000000000006136        0x2 ff
 .text.serial3_set_rts
                0x0000000000006138       0x44 build/obj//libs//core_teensy/serial3.o
                0x0000000000006138                serial3_set_rts
 .text.serial3_set_cts
                0x000000000000617c       0x44 build/obj//libs//core_teensy/serial3.o
                0x000000000000617c                serial3_set_cts
 .text.serial3_putchar
                0x00000000000061c0       0x8c build/obj//libs//core_teensy/serial3.o
                0x00000000000061c0                serial3_putchar
 .text.serial3_write
                0x000000000000624c       0x1a build/obj//libs//core_teensy/serial3.o
                0x000000000000624c                serial3_write
 *fill*         0x0000000000006266        0x2 ff
 .text.serial3_flush
                0x0000000000006268       0x1c build/obj//libs//core_teensy/serial3.o
                0x0000000000006268                serial3_flush
 .text.serial3_write_buffer_free
                0x0000000000006284       0x1c build/obj//libs//core_teensy/serial3.o
                0x0000000000006284                serial3_write_buffer_free
 .text.serial3_available
                0x00000000000062a0       0x14 build/obj//libs//core_teensy/serial3.o
                0x00000000000062a0                serial3_available
 .text.serial3_getchar
                0x00000000000062b4       0x30 build/obj//libs//core_teensy/serial3.o
                0x00000000000062b4                serial3_getchar
 .text.serial3_peek
                0x00000000000062e4       0x28 build/obj//libs//core_teensy/serial3.o
                0x00000000000062e4                serial3_peek
 .text.serial3_clear
                0x000000000000630c       0x24 build/obj//libs//core_teensy/serial3.o
                0x000000000000630c                serial3_clear
 .text.uart2_status_isr
                0x0000000000006330       0xcc build/obj//libs//core_teensy/serial3.o
                0x0000000000006330                uart2_status_isr
 .text.usb_init_serialnumber
                0x00000000000063fc       0x6c build/obj//libs//core_teensy/usb_desc.o
                0x00000000000063fc                usb_init_serialnumber
 .text          0x0000000000006468      0x134 build/obj//libs//core_teensy/memcpy-armv7m.o
                0x0000000000006468                memcpy
 .text.__aeabi_atexit
                0x000000000000659c        0xc /Applications/ARM/bin/../lib/gcc/arm-none-eabi/10.3.1/../../../../arm-none-eabi/lib/thumb/v7e-m/nofp/libstdc++.a(atexit_arm.o)
                0x000000000000659c                __aeabi_atexit
 .text._ZdlPvj  0x00000000000065a8        0x4 /Applications/ARM/bin/../lib/gcc/arm-none-eabi/10.3.1/../../../../arm-none-eabi/lib/thumb/v7e-m/nofp/libstdc++.a(del_ops.o)
                0x00000000000065a8                operator delete(void*, unsigned int)
 .text          0x00000000000065ac      0x378 /Applications/ARM/bin/../lib/gcc/arm-none-eabi/10.3.1/thumb/v7e-m/nofp/libgcc.a(_arm_addsubdf3.o)
                0x00000000000065ac                __aeabi_drsub
                0x00000000000065b4                __subdf3
                0x00000000000065b4                __aeabi_dsub
                0x00000000000065b8                __aeabi_dadd
                0x00000000000065b8                __adddf3
                0x0000000000006830                __aeabi_ui2d
                0x0000000000006830                __floatunsidf
                0x0000000000006850                __floatsidf
                0x0000000000006850                __aeabi_i2d
                0x0000000000006874                __extendsfdf2
                0x0000000000006874                __aeabi_f2d
                0x00000000000068b8                __aeabi_ul2d
                0x00000000000068b8                __floatundidf
                0x00000000000068c8                __aeabi_l2d
                0x00000000000068c8                __floatdidf
 .text          0x0000000000006924      0x424 /Applications/ARM/bin/../lib/gcc/arm-none-eabi/10.3.1/thumb/v7e-m/nofp/libgcc.a(_arm_muldivdf3.o)
                0x0000000000006924                __aeabi_dmul
                0x0000000000006924                __muldf3
                0x0000000000006b78                __aeabi_ddiv
                0x0000000000006b78                __divdf3
 .text          0x0000000000006d48       0x40 /Applications/ARM/bin/../lib/gcc/arm-none-eabi/10.3.1/thumb/v7e-m/nofp/libgcc.a(_arm_fixunsdfsi.o)
                0x0000000000006d48                __fixunsdfsi
                0x0000000000006d48                __aeabi_d2uiz
 .text          0x0000000000006d88      0x21c /Applications/ARM/bin/../lib/gcc/arm-none-eabi/10.3.1/thumb/v7e-m/nofp/libgcc.a(_arm_addsubsf3.o)
                0x0000000000006d88                __aeabi_frsub
                0x0000000000006d90                __aeabi_fsub
                0x0000000000006d90                __subsf3
                0x0000000000006d94                __aeabi_fadd
                0x0000000000006d94                __addsf3
                0x0000000000006ef4                __aeabi_ui2f
                0x0000000000006ef4                __floatunsisf
                0x0000000000006efc                __floatsisf
                0x0000000000006efc                __aeabi_i2f
                0x0000000000006f18                __aeabi_ul2f
                0x0000000000006f18                __floatundisf
                0x0000000000006f28                __aeabi_l2f
                0x0000000000006f28                __floatdisf
 .text.__cxa_atexit
                0x0000000000006fa4        0xc /Applications/ARM/bin/../lib/gcc/arm-none-eabi/10.3.1/../../../../arm-none-eabi/lib/thumb/v7e-m/nofp/libc.a(lib_a-cxa_atexit.o)
                0x0000000000006fa4                __cxa_atexit
 .text.__libc_init_array
                0x0000000000006fb0       0x48 /Applications/ARM/bin/../lib/gcc/arm-none-eabi/10.3.1/../../../../arm-none-eabi/lib/thumb/v7e-m/nofp/libc.a(lib_a-init.o)
                0x0000000000006fb0                __libc_init_array
 .text.malloc   0x0000000000006ff8       0x10 /Applications/ARM/bin/../lib/gcc/arm-none-eabi/10.3.1/../../../../arm-none-eabi/lib/thumb/v7e-m/nofp/libc.a(lib_a-malloc.o)
                0x0000000000006ff8                malloc
 .text.free     0x0000000000007008       0x10 /Applications/ARM/bin/../lib/gcc/arm-none-eabi/10.3.1/../../../../arm-none-eabi/lib/thumb/v7e-m/nofp/libc.a(lib_a-malloc.o)
                0x0000000000007008                free
 .text._malloc_r
                0x0000000000007018      0x560 /Applications/ARM/bin/../lib/gcc/arm-none-eabi/10.3.1/../../../../arm-none-eabi/lib/thumb/v7e-m/nofp/libc.a(lib_a-mallocr.o)
                0x0000000000007018                _malloc_r
 .text.memset   0x0000000000007578       0xa4 /Applications/ARM/bin/../lib/gcc/arm-none-eabi/10.3.1/../../../../arm-none-eabi/lib/thumb/v7e-m/nofp/libc.a(lib_a-memset.o)
                0x0000000000007578                memset
 .text.__malloc_lock
                0x000000000000761c        0xc /Applications/ARM/bin/../lib/gcc/arm-none-eabi/10.3.1/../../../../arm-none-eabi/lib/thumb/v7e-m/nofp/libc.a(lib_a-mlock.o)
                0x000000000000761c                __malloc_lock
 .text.__malloc_unlock
                0x0000000000007628        0xc /Applications/ARM/bin/../lib/gcc/arm-none-eabi/10.3.1/../../../../arm-none-eabi/lib/thumb/v7e-m/nofp/libc.a(lib_a-mlock.o)
                0x0000000000007628                __malloc_unlock
 .text._sbrk_r  0x0000000000007634       0x24 /Applications/ARM/bin/../lib/gcc/arm-none-eabi/10.3.1/../../../../arm-none-eabi/lib/thumb/v7e-m/nofp/libc.a(lib_a-sbrkr.o)
                0x0000000000007634                _sbrk_r
 *fill*         0x0000000000007658       0x28 ff
 .text          0x0000000000007680       0xdc /Applications/ARM/bin/../lib/gcc/arm-none-eabi/10.3.1/../../../../arm-none-eabi/lib/thumb/v7e-m/nofp/libc.a(lib_a-strlen.o)
                0x0000000000007680                strlen
 .text.__register_exitproc
                0x000000000000775c       0x8c /Applications/ARM/bin/../lib/gcc/arm-none-eabi/10.3.1/../../../../arm-none-eabi/lib/thumb/v7e-m/nofp/libc.a(lib_a-__atexit.o)
                0x000000000000775c                __register_exitproc
 .text.startup.register_fini
                0x00000000000077e8       0x14 /Applications/ARM/bin/../lib/gcc/arm-none-eabi/10.3.1/../../../../arm-none-eabi/lib/thumb/v7e-m/nofp/libc.a(lib_a-__call_atexit.o)
 .text.atexit   0x00000000000077fc        0xc /Applications/ARM/bin/../lib/gcc/arm-none-eabi/10.3.1/../../../../arm-none-eabi/lib/thumb/v7e-m/nofp/libc.a(lib_a-atexit.o)
                0x00000000000077fc                atexit
 .text.__libc_fini_array
                0x0000000000007808       0x2c /Applications/ARM/bin/../lib/gcc/arm-none-eabi/10.3.1/../../../../arm-none-eabi/lib/thumb/v7e-m/nofp/libc.a(lib_a-fini.o)
                0x0000000000007808                __libc_fini_array
 .text._malloc_trim_r
                0x0000000000007834       0xa0 /Applications/ARM/bin/../lib/gcc/arm-none-eabi/10.3.1/../../../../arm-none-eabi/lib/thumb/v7e-m/nofp/libc.a(lib_a-freer.o)
                0x0000000000007834                _malloc_trim_r
 .text._free_r  0x00000000000078d4      0x20c /Applications/ARM/bin/../lib/gcc/arm-none-eabi/10.3.1/../../../../arm-none-eabi/lib/thumb/v7e-m/nofp/libc.a(lib_a-freer.o)
                0x00000000000078d4                _free_r
 .text.__retarget_lock_acquire_recursive
                0x0000000000007ae0        0x4 /Applications/ARM/bin/../lib/gcc/arm-none-eabi/10.3.1/../../../../arm-none-eabi/lib/thumb/v7e-m/nofp/libc.a(lib_a-lock.o)
                0x0000000000007ae0                __retarget_lock_acquire_recursive
 .text.__retarget_lock_release_recursive
                0x0000000000007ae4        0x4 /Applications/ARM/bin/../lib/gcc/arm-none-eabi/10.3.1/../../../../arm-none-eabi/lib/thumb/v7e-m/nofp/libc.a(lib_a-lock.o)
                0x0000000000007ae4                __retarget_lock_release_recursive
 *(.rodata*)
 .rodata._ZL11i2c_div_num
                0x0000000000007ae8       0xdc build/obj//libs//i2c_t3/i2c_t3.o
 .rodata._ZL13i2c_div_ratio
                0x0000000000007bc4       0x37 build/obj//libs//i2c_t3/i2c_t3.o
 *fill*         0x0000000000007bfb        0x1 ff
 .rodata._ZL14i2c_valid_pins
                0x0000000000007bfc       0x14 build/obj//libs//i2c_t3/i2c_t3.o
 .rodata._ZTV6i2c_t3
                0x0000000000007c10       0x20 build/obj//libs//i2c_t3/i2c_t3.o
                0x0000000000007c10                vtable for i2c_t3
 .rodata._ZTV14HardwareSerial
                0x0000000000007c30       0x60 build/obj//libs//core_teensy/HardwareSerial1.o
                0x0000000000007c30                vtable for HardwareSerial
 .rodata._ZTV15HardwareSerial2
                0x0000000000007c90       0x60 build/obj//libs//core_teensy/HardwareSerial2.o
                0x0000000000007c90                vtable for HardwareSerial2
 .rodata._ZTV15HardwareSerial3
                0x0000000000007cf0       0x60 build/obj//libs//core_teensy/HardwareSerial3.o
                0x0000000000007cf0                vtable for HardwareSerial3
 .rodata._ZTV16usb_serial_class
                0x0000000000007d50       0x24 build/obj//libs//core_teensy/usb_inst.o
                0x0000000000007d50                vtable for usb_serial_class
 .rodata._ZZN9PresetApp13setEncoderLEDEiNS_16EncoderLedColorsEiE9colorsMap
                0x0000000000007d74        0x8 build/obj//app//presetApp.o
 .rodata        0x0000000000007d7c       0x20 build/obj//drivers//mtLED.o
 .rodata._ZL9encMultiA
                0x0000000000007d9c        0x8 build/obj//drivers//presetEncoder.o
 .rodata._ZL9encMultiB
                0x0000000000007da4        0x8 build/obj//drivers//presetEncoder.o
 .rodata.digital_pin_to_info_PGM
                0x0000000000007dac      0x110 build/obj//libs//core_teensy/pins_teensy.o
                0x0000000000007dac                digital_pin_to_info_PGM
 .rodata.pin2sc1a
                0x0000000000007ebc       0x29 build/obj//libs//core_teensy/analog.o
 *fill*         0x0000000000007ee5        0x3 ff
 .rodata.usb_descriptor_list
                0x0000000000007ee8       0x54 build/obj//libs//core_teensy/usb_desc.o
                0x0000000000007ee8                usb_descriptor_list
 .rodata.usb_endpoint_config_table
                0x0000000000007f3c        0x4 build/obj//libs//core_teensy/usb_desc.o
                0x0000000000007f3c                usb_endpoint_config_table
 .rodata._global_impure_ptr
                0x0000000000007f40        0x4 /Applications/ARM/bin/../lib/gcc/arm-none-eabi/10.3.1/../../../../arm-none-eabi/lib/thumb/v7e-m/nofp/libc.a(lib_a-impure.o)
                0x0000000000007f40                _global_impure_ptr
                0x0000000000007f44                . = ALIGN (0x4)
 *(.init)
 .init          0x0000000000007f44        0x4 /Applications/ARM/bin/../lib/gcc/arm-none-eabi/10.3.1/thumb/v7e-m/nofp/crti.o
                0x0000000000007f44                _init
 .init          0x0000000000007f48        0x8 /Applications/ARM/bin/../lib/gcc/arm-none-eabi/10.3.1/thumb/v7e-m/nofp/crtn.o
                0x0000000000007f50                . = ALIGN (0x4)
                0x0000000000007f50                __preinit_array_start = .
 *(.preinit_array)
                0x0000000000007f50                __preinit_array_end = .
                0x0000000000007f50                __init_array_start = .
 *(SORT_BY_NAME(.init_array.*))
 .init_array.00000
                0x0000000000007f50        0x4 /Applications/ARM/bin/../lib/gcc/arm-none-eabi/10.3.1/../../../../arm-none-eabi/lib/thumb/v7e-m/nofp/libc.a(lib_a-__call_atexit.o)
 *(.init_array)
 .init_array    0x0000000000007f54        0x4 /Applications/ARM/bin/../lib/gcc/arm-none-eabi/10.3.1/thumb/v7e-m/nofp/crtbegin.o
 .init_array    0x0000000000007f58        0x4 build/obj//libs//SodaqDataFlash/Sodaq_dataflash.o
 .init_array    0x0000000000007f5c        0x4 build/obj//libs//i2c_t3/i2c_t3.o
 .init_array    0x0000000000007f60        0x4 build/obj//libs//core_teensy/Tone.o
 .init_array    0x0000000000007f64        0x4 build/obj//libs//core_teensy/HardwareSerial1.o
 .init_array    0x0000000000007f68        0x4 build/obj//libs//core_teensy/HardwareSerial2.o
 .init_array    0x0000000000007f6c        0x4 build/obj//libs//core_teensy/HardwareSerial3.o
 .init_array    0x0000000000007f70        0x4 build/obj//libs//core_teensy/usb_inst.o
 .init_array    0x0000000000007f74        0x4 build/obj//app//main.o
 .init_array    0x0000000000007f78        0x4 build/obj//drivers//mtLED.o
 .init_array    0x0000000000007f7c        0x4 build/obj//drivers//presetSwitches.o
 .init_array    0x0000000000007f80        0x4 build/obj//drivers//presetEncoder.o
 .init_array    0x0000000000007f84        0x4 build/obj//drivers//presetButtons.o
 .init_array    0x0000000000007f88        0x4 build/obj//drivers//presetFlash.o
                0x0000000000007f8c                __init_array_end = .

.glue_7         0x0000000000007f8c        0x0
 .glue_7        0x0000000000007f8c        0x0 linker stubs

.glue_7t        0x0000000000007f8c        0x0
 .glue_7t       0x0000000000007f8c        0x0 linker stubs

.vfp11_veneer   0x0000000000007f8c        0x0
 .vfp11_veneer  0x0000000000007f8c        0x0 linker stubs

.v4_bx          0x0000000000007f8c        0x0
 .v4_bx         0x0000000000007f8c        0x0 linker stubs

.fini           0x0000000000007f8c        0x4
 .fini          0x0000000000007f8c        0x4 /Applications/ARM/bin/../lib/gcc/arm-none-eabi/10.3.1/thumb/v7e-m/nofp/crti.o
                0x0000000000007f8c                _fini

.iplt           0x0000000000007f90        0x0
 .iplt          0x0000000000007f90        0x0 /Applications/ARM/bin/../lib/gcc/arm-none-eabi/10.3.1/thumb/v7e-m/nofp/crtbegin.o

.eh_frame       0x0000000000007f90        0x0
 .eh_frame      0x0000000000007f90        0x0 /Applications/ARM/bin/../lib/gcc/arm-none-eabi/10.3.1/thumb/v7e-m/nofp/crtbegin.o

.ARM.exidx      0x0000000000007f90        0x8
                0x0000000000007f90                __exidx_start = .
 *(.ARM.exidx* .gnu.linkonce.armexidx.*)
 .ARM.exidx.text.__aeabi_atexit
                0x0000000000007f90        0x8 /Applications/ARM/bin/../lib/gcc/arm-none-eabi/10.3.1/../../../../arm-none-eabi/lib/thumb/v7e-m/nofp/libstdc++.a(atexit_arm.o)
 .ARM.exidx.text._ZdlPvj
                0x0000000000007f98        0x0 /Applications/ARM/bin/../lib/gcc/arm-none-eabi/10.3.1/../../../../arm-none-eabi/lib/thumb/v7e-m/nofp/libstdc++.a(del_ops.o)
                                          0x8 (size before relaxing)
                0x0000000000007f98                __exidx_end = .
                0x0000000000007f98                _etext = .

.rel.dyn        0x0000000000007f98        0x0
 .rel.iplt      0x0000000000007f98        0x0 /Applications/ARM/bin/../lib/gcc/arm-none-eabi/10.3.1/thumb/v7e-m/nofp/crtbegin.o

.usbdescriptortable
                0x000000001fff8000       0xa0
                0x000000001fff8000                . = ALIGN (0x200)
 *(.usbdescriptortable*)
 .usbdescriptortable
                0x000000001fff8000       0xa0 build/obj//libs//core_teensy/usb_dev.o

.dmabuffers     0x000000001fff8200      0x1bc
                0x000000001fff8200                . = ALIGN (0x4)
 *(.dmabuffers*)
 .dmabuffers    0x000000001fff8200      0x1bc build/obj//libs//core_teensy/mk20dx128.o
                0x000000001fff8200                _VectorsRam

.usbbuffers     0x000000001fff83bc      0x360
                0x000000001fff83bc                . = ALIGN (0x4)
 *(.usbbuffers*)
 .usbbuffers    0x000000001fff83bc      0x360 build/obj//libs//core_teensy/usb_mem.o
                0x000000001fff83bc                usb_buffer_memory

.data           0x000000001fff8720      0xd94 load address 0x0000000000007f98
                0x000000001fff8720                . = ALIGN (0x4)
                0x000000001fff8720                _sdata = .
 *(.fastrun*)
 .fastrun       0x000000001fff8720       0xf0 build/obj//libs//core_teensy/pins_teensy.o
 *(.data*)
 .data          0x000000001fff8810        0x4 /Applications/ARM/bin/../lib/gcc/arm-none-eabi/10.3.1/thumb/v7e-m/nofp/crtbegin.o
                0x000000001fff8810                __dso_handle
 .data._ZN6i2c_t37i2cDataE
                0x000000001fff8814      0x220 build/obj//libs//i2c_t3/i2c_t3.o
                0x000000001fff8814                i2c_t3::i2cData
 .data._ZL11funct_table
                0x000000001fff8a34       0x10 build/obj//libs//core_teensy/IntervalTimer.o
 .data.application
                0x000000001fff8a44       0xa4 build/obj//app//main.o
                0x000000001fff8a44                application
 .data.isr_table_portA
                0x000000001fff8ae8       0x38 build/obj//libs//core_teensy/pins_teensy.o
                0x000000001fff8ae8                isr_table_portA
 .data.isr_table_portB
                0x000000001fff8b20       0x50 build/obj//libs//core_teensy/pins_teensy.o
                0x000000001fff8b20                isr_table_portB
 .data.isr_table_portC
                0x000000001fff8b70       0x30 build/obj//libs//core_teensy/pins_teensy.o
                0x000000001fff8b70                isr_table_portC
 .data.isr_table_portD
                0x000000001fff8ba0       0x20 build/obj//libs//core_teensy/pins_teensy.o
                0x000000001fff8ba0                isr_table_portD
 .data.isr_table_portE
                0x000000001fff8bc0        0x8 build/obj//libs//core_teensy/pins_teensy.o
                0x000000001fff8bc0                isr_table_portE
 .data.rx_pin_num
                0x000000001fff8bc8        0x1 build/obj//libs//core_teensy/serial2.o
 .data.tx_pin_num
                0x000000001fff8bc9        0x1 build/obj//libs//core_teensy/serial2.o
 .data.analog_config_bits
                0x000000001fff8bca        0x1 build/obj//libs//core_teensy/analog.o
 .data.analog_num_average
                0x000000001fff8bcb        0x1 build/obj//libs//core_teensy/analog.o
 .data.tx_pin_num
                0x000000001fff8bcc        0x1 build/obj//libs//core_teensy/serial1.o
 *fill*         0x000000001fff8bcd        0x3 
 .data.usb_buffer_available
                0x000000001fff8bd0        0x4 build/obj//libs//core_teensy/usb_mem.o
 .data.__brkval
                0x000000001fff8bd4        0x4 build/obj//libs//core_teensy/mk20dx128.o
                0x000000001fff8bd4                __brkval
 .data.tx_pin_num
                0x000000001fff8bd8        0x1 build/obj//libs//core_teensy/serial3.o
 *fill*         0x000000001fff8bd9        0x3 
 .data.config_descriptor
                0x000000001fff8bdc       0x43 build/obj//libs//core_teensy/usb_desc.o
 *fill*         0x000000001fff8c1f        0x1 
 .data.device_descriptor
                0x000000001fff8c20       0x12 build/obj//libs//core_teensy/usb_desc.o
 *fill*         0x000000001fff8c32        0x2 
 .data.string0  0x000000001fff8c34        0x4 build/obj//libs//core_teensy/usb_desc.o
                0x000000001fff8c34                string0
 .data.usb_string_manufacturer_name_default
                0x000000001fff8c38       0x10 build/obj//libs//core_teensy/usb_desc.o
                0x000000001fff8c38                usb_string_manufacturer_name_default
                0x000000001fff8c38                usb_string_manufacturer_name
 .data.usb_string_product_name_default
                0x000000001fff8c48        0xe build/obj//libs//core_teensy/usb_desc.o
                0x000000001fff8c48                usb_string_product_name
                0x000000001fff8c48                usb_string_product_name_default
 *fill*         0x000000001fff8c56        0x2 
 .data.usb_string_serial_number_default
                0x000000001fff8c58       0x16 build/obj//libs//core_teensy/usb_desc.o
                0x000000001fff8c58                usb_string_serial_number_default
                0x000000001fff8c58                usb_string_serial_number
 *fill*         0x000000001fff8c6e        0x2 
 .data._impure_ptr
                0x000000001fff8c70        0x4 /Applications/ARM/bin/../lib/gcc/arm-none-eabi/10.3.1/../../../../arm-none-eabi/lib/thumb/v7e-m/nofp/libc.a(lib_a-impure.o)
                0x000000001fff8c70                _impure_ptr
 *fill*         0x000000001fff8c74        0x4 
 .data.impure_data
                0x000000001fff8c78      0x428 /Applications/ARM/bin/../lib/gcc/arm-none-eabi/10.3.1/../../../../arm-none-eabi/lib/thumb/v7e-m/nofp/libc.a(lib_a-impure.o)
 .data.__malloc_av_
                0x000000001fff90a0      0x408 /Applications/ARM/bin/../lib/gcc/arm-none-eabi/10.3.1/../../../../arm-none-eabi/lib/thumb/v7e-m/nofp/libc.a(lib_a-mallocr.o)
                0x000000001fff90a0                __malloc_av_
 .data.__malloc_sbrk_base
                0x000000001fff94a8        0x4 /Applications/ARM/bin/../lib/gcc/arm-none-eabi/10.3.1/../../../../arm-none-eabi/lib/thumb/v7e-m/nofp/libc.a(lib_a-mallocr.o)
                0x000000001fff94a8                __malloc_sbrk_base
 .data.__malloc_trim_threshold
                0x000000001fff94ac        0x4 /Applications/ARM/bin/../lib/gcc/arm-none-eabi/10.3.1/../../../../arm-none-eabi/lib/thumb/v7e-m/nofp/libc.a(lib_a-mallocr.o)
                0x000000001fff94ac                __malloc_trim_threshold