libs//SodaqDataFlash/Sodaq_dataflash.cpp:61:6:void Sodaq_Dataflash::init(uint8_t, uint8_t, uint8_t, uint8_t)	8	static
libs//SodaqDataFlash/Sodaq_dataflash.cpp:100:9:uint8_t Sodaq_Dataflash::transmit(uint8_t)	0	static
libs//SodaqDataFlash/Sodaq_dataflash.cpp:431:6:void Sodaq_Dataflash::settings(SPISettings)	0	static
libs//SodaqDataFlash/Sodaq_dataflash.cpp:436:6:void Sodaq_Dataflash::deactivate()	8	static
libs//SodaqDataFlash/Sodaq_dataflash.cpp:444:6:void Sodaq_Dataflash::activate()	8	static
libs//SodaqDataFlash/Sodaq_dataflash.cpp:109:9:uint8_t Sodaq_Dataflash::readStatus()	16	static
libs//SodaqDataFlash/Sodaq_dataflash.cpp:122:6:void Sodaq_Dataflash::waitTillReady()	8	static
libs//SodaqDataFlash/Sodaq_dataflash.cpp:129:6:bool Sodaq_Dataflash::isReady()	8	static
libs//SodaqDataFlash/Sodaq_dataflash.cpp:134:6:void Sodaq_Dataflash::readID(uint8_t*)	16	static
libs//SodaqDataFlash/Sodaq_dataflash.cpp:147:6:void Sodaq_Dataflash::readSecurityReg(uint8_t*, size_t)	24	static
libs//SodaqDataFlash/Sodaq_dataflash.cpp:189:9:uint8_t Sodaq_Dataflash::readByteBuf1(uint16_t)	16	static
libs//SodaqDataFlash/Sodaq_dataflash.cpp:312:6:void Sodaq_Dataflash::writeByteBuf1(uint16_t, uint8_t)	16	static
libs//SodaqDataFlash/Sodaq_dataflash.cpp:379:6:void Sodaq_Dataflash::writeStrBuf2(uint16_t, uint8_t*, size_t)	24	static
libs//SodaqDataFlash/Sodaq_dataflash.cpp:420:6:void Sodaq_Dataflash::chipErase()	8	static
libs//SodaqDataFlash/Sodaq_dataflash.cpp:450:6:void Sodaq_Dataflash::setPageAddr(unsigned int)	16	static
libs//SodaqDataFlash/Sodaq_dataflash.cpp:161:6:void Sodaq_Dataflash::readPageToBuf1(uint16_t)	16	static
libs//SodaqDataFlash/Sodaq_dataflash.cpp:246:6:void Sodaq_Dataflash::readPagefromFlash(uint16_t, uint16_t, uint8_t*, uint16_t)	24	static
libs//SodaqDataFlash/Sodaq_dataflash.cpp:274:6:void Sodaq_Dataflash::readStructfromFlash(uint16_t, uint8_t*, uint16_t)	32	static
libs//SodaqDataFlash/Sodaq_dataflash.cpp:175:6:void Sodaq_Dataflash::readPageToBuf2(uint16_t)	16	static
libs//SodaqDataFlash/Sodaq_dataflash.cpp:364:6:void Sodaq_Dataflash::writeBuf1ToPage(uint16_t)	16	static
libs//SodaqDataFlash/Sodaq_dataflash.cpp:205:9:uint8_t Sodaq_Dataflash::writeInsidePage(uint16_t, uint16_t, uint8_t*, size_t)	24	static
libs//SodaqDataFlash/Sodaq_dataflash.cpp:325:6:void Sodaq_Dataflash::writeStructToFlash(uint16_t, uint8_t*, uint16_t)	40	static
libs//SodaqDataFlash/Sodaq_dataflash.cpp:397:6:void Sodaq_Dataflash::writeBuf2ToPage(uint16_t)	16	static
libs//SodaqDataFlash/Sodaq_dataflash.cpp:411:6:void Sodaq_Dataflash::pageErase(uint16_t)	16	static
libs//SodaqDataFlash/Sodaq_dataflash.cpp:478:9:uint8_t Sodaq_Dataflash::getPageAddrByte0(uint16_t)	0	static
libs//SodaqDataFlash/Sodaq_dataflash.cpp:485:9:uint8_t Sodaq_Dataflash::getPageAddrByte1(uint16_t)	0	static
libs//SodaqDataFlash/Sodaq_dataflash.cpp:489:9:uint8_t Sodaq_Dataflash::getPageAddrByte2(uint16_t)	0	static
libs//SodaqDataFlash/Sodaq_dataflash.cpp:492:1:cpp)	0	static
