app//samplerApp.cpp:3:6:void SamplerApp::updateEncoders()	24	static
app//samplerApp.cpp:18:6:void SamplerApp::updatePads()	32	static
app//samplerApp.cpp:40:6:void SamplerApp::init()	8	static
app//samplerApp.cpp:46:6:void SamplerApp::update()	8	static
app//samplerApp.cpp:52:6:void SamplerApp::onEncoderPress(int)	16	static
app//samplerApp.cpp:59:6:void SamplerApp::onEncoderRelease(int)	0	static
app//samplerApp.cpp:61:6:void SamplerApp::onEncoderRotate(int, int)	0	static
app//samplerApp.cpp:63:6:void SamplerApp::onCVInputChange(int)	8	static
app//samplerApp.cpp:77:6:void SamplerApp::onButtonPress(PresetApp::Buttons)	8	static
app//samplerApp.cpp:83:6:void SamplerApp::onButtonRelease(PresetApp::Buttons)	0	static
app//samplerApp.cpp:85:6:void SamplerApp::onPadPress(int)	8	static
app//samplerApp.cpp:89:6:void SamplerApp::onPadRelease(int)	0	static
