libs//SPI/SPI.cpp:228:13:void updateCTAR(uint32_t)	0	static
libs//SPI/SPI.cpp:157:6:static void SPIClass::begin()	0	static
libs//SPI/SPI.cpp:167:6:static void SPIClass::end()	0	static
libs//SPI/SPI.cpp:172:6:static void SPIClass::usingInterrupt(IRQ_NUMBER_t)	4	static
libs//SPI/SPI.cpp:188:6:static void SPIClass::notUsingInterrupt(IRQ_NUMBER_t)	0	static
libs//SPI/SPI.cpp:244:6:static void SPIClass::setBitOrder(uint8_t)	8	static
libs//SPI/SPI.cpp:256:6:static void SPIClass::setDataMode(uint8_t)	8	static
libs//SPI/SPI.cpp:265:6:static void SPIClass::setClockDivider_noInline(uint32_t)	8	static
libs//SPI/SPI.cpp:277:6:static bool SPIClass::pinIsChipSelect(uint8_t)	0	static
libs//SPI/SPI.cpp:284:6:static bool SPIClass::pinIsChipSelect(uint8_t, uint8_t)	16	static
libs//SPI/SPI.cpp:294:9:static uint8_t SPIClass::setCS(uint8_t)	0	static
